******************************************************************************
                  TI ARM Linker PC v5.1.8                      
******************************************************************************
>> Linked Thu Nov 20 10:59:38 2014

OUTPUT FILE NAME:   <Final Project.out>
ENTRY POINT SYMBOL: "_c_int00"  address: 00001695


MEMORY CONFIGURATION

         name            origin    length      used     unused   attr    fill
----------------------  --------  ---------  --------  --------  ----  --------
  FLASH                 00000000   00100000  00001c98  000fe368  R  X
  SRAM                  20000000   00040000  000002f8  0003fd08  RW X


SEGMENT ALLOCATION MAP

run origin  load origin   length   init length attrs members
----------  ----------- ---------- ----------- ----- -------
00000000    00000000    00001c98   00001c98    r-x
  00000000    00000000    00000200   00000200    r-- .intvecs
  00000200    00000200    000017d0   000017d0    r-x .text
  000019d0    000019d0    00000230   00000230    r-- .const
  00001c00    00001c00    00000098   00000098    r-- .cinit
20000000    20000000    000002f8   00000000    rw-
  20000000    20000000    000001cc   00000000    rw- .data
  200001cc    200001cc    00000100   00000000    rw- .stack
  200002cc    200002cc    0000002c   00000000    rw- .bss


SECTION ALLOCATION MAP

 output                                  attributes/
section   page    origin      length       input sections
--------  ----  ----------  ----------   ----------------
.intvecs   0    00000000    00000200     
                  00000000    00000200     startup_ccs.obj (.intvecs)

.init_array 
*          0    00000000    00000000     UNINITIALIZED

.text      0    00000200    000017d0     
                  00000200    000002ec     rtsv7M4_T_le_v4SPD16_eabi.lib : xlog.obj (.text)
                  000004ec    000001fc     driverlib.lib : sysctl.obj (.text:SysCtlClockFreqSet)
                  000006e8    000001ea     uartstdio.obj (.text:UARTvprintf)
                  000008d2    00000002     startup_ccs.obj (.text:FaultISR)
                  000008d4    000001c4     timers.obj (.text:main)
                  00000a98    000001b6     rtsv7M4_T_le_v4SPD16_eabi.lib : fd_add_t2.obj (.text)
                  00000c4e    00000136                                   : fd_div_t2.obj (.text)
                  00000d84    000000fc                                   : fd_mul_t2.obj (.text)
                  00000e80    000000c4                                   : xdnorm.obj (.text)
                  00000f44    000000ac     timers.obj (.text:calcTemp)
                  00000ff0    000000a0     timers.obj (.text:UARTSendData)
                  00001090    0000009c     rtsv7M4_T_le_v4SPD16_eabi.lib : memcpy_t2.obj (.text)
                  0000112c    00000094     timers.obj (.text:Timer0IntHandler)
                  000011c0    00000094     rtsv7M4_T_le_v4SPD16_eabi.lib : auto_init.obj (.text)
                  00001254    0000008c     timers.obj (.text:configureADC)
                  000012e0    00000086     rtsv7M4_T_le_v4SPD16_eabi.lib : fd_cmp_t2.obj (.text:__aeabi_cdcmple)
                  00001366    00000002     startup_ccs.obj (.text:IntDefaultHandler)
                  00001368    00000080     timers.obj (.text:Timer1IntHandler)
                  000013e8    00000064     rtsv7M4_T_le_v4SPD16_eabi.lib : xdunscal.obj (.text)
                  0000144c    00000060     uartstdio.obj (.text:UARTStdioConfig)
                  000014ac    0000005e     rtsv7M4_T_le_v4SPD16_eabi.lib : copy_decompress_rle.obj (.text)
                  0000150a    00000002     startup_ccs.obj (.text:NmiSR)
                  0000150c    0000005c     timers.obj (.text:ConfigureUART)
                  00001568    00000050     timers.obj (.text:Timer2IntHandler)
                  000015b8    0000004c     timers.obj (.text:Timer3IntHandler)
                  00001604    00000048     uartstdio.obj (.text:UARTwrite)
                  0000164c    00000048     driverlib.lib : sysctl.obj (.text:_SysCtlFrequencyGet)
                  00001694    00000048     rtsv7M4_T_le_v4SPD16_eabi.lib : boot.obj (.text)
                  000016dc    00000044                                   : cpy_tbl.obj (.text)
                  00001720    00000044                                   : exit.obj (.text)
                  00001764    00000042                                   : u_divt2.obj (.text)
                  000017a6    00000002     --HOLE-- [fill = 0]
                  000017a8    00000040                                   : signal.obj (.text)
                  000017e8    00000038                                   : fs_tod_t2.obj (.text)
                  00001820    00000034                                   : feraiseexcept.obj (.text)
                  00001854    00000030                                   : xferaise.obj (.text)
                  00001884    0000002e                                   : i_tofd_t2.obj (.text)
                  000018b2    0000002e                                   : raise.obj (.text)
                  000018e0    00000024     timers.obj (.text:calcLight)
                  00001904    00000024     timers.obj (.text:calcProx)
                  00001928    0000001c     driverlib.lib : sysctl.obj (.text:_SysCtlMemTimingGet)
                  00001944    0000001a     uartstdio.obj (.text:UARTprintf)
                  0000195e    0000001a     rtsv7M4_T_le_v4SPD16_eabi.lib : log.obj (.text)
                  00001978    00000018                                   : args_main.obj (.text)
                  00001990    00000014                                   : _lock.obj (.text)
                  000019a4    00000012                                   : copy_zero_init.obj (.text:decompress:ZI)
                  000019b6    0000000e                                   : copy_decompress_none.obj (.text:decompress:none)
                  000019c4    00000006     startup_ccs.obj (.text:ResetISR)
                  000019ca    00000006     rtsv7M4_T_le_v4SPD16_eabi.lib : copy_decompress_rle.obj (.text:decompress:rle24)

.const     0    000019d0    00000230     
                  000019d0    00000120     driverlib.lib : sysctl.obj (.const:g_pppui32XTALtoVCO)
                  00001af0    0000006c                   : sysctl.obj (.const:g_pui32Xtals)
                  00001b5c    00000004     --HOLE-- [fill = 0]
                  00001b60    00000038     rtsv7M4_T_le_v4SPD16_eabi.lib : xlog.obj (.const:p)
                  00001b98    00000030     driverlib.lib : sysctl.obj (.const:g_sXTALtoMEMTIM)
                  00001bc8    0000001c     uartstdio.obj (.const)
                  00001be4    00000012     uartstdio.obj (.const:.string)
                  00001bf6    00000002     --HOLE-- [fill = 0]
                  00001bf8    00000008     driverlib.lib : sysctl.obj (.const)

.cinit     0    00001c00    00000098     
                  00001c00    0000006f     (.cinit..data.load) [load image, compression = rle]
                  00001c6f    00000001     --HOLE-- [fill = 0]
                  00001c70    0000000c     (__TI_handler_table)
                  00001c7c    00000004     --HOLE-- [fill = 0]
                  00001c80    00000008     (.cinit..bss.load) [load image, compression = zero_init]
                  00001c88    00000010     (__TI_cinit_table)

.data      0    20000000    000001cc     UNINITIALIZED
                  20000000    000000b0     rtsv7M4_T_le_v4SPD16_eabi.lib : signal.obj (.data:sigtable)
                  200000b0    00000080                                   : xvalues.obj (.data)
                  20000130    00000068                                   : xfvalues.obj (.data)
                  20000198    0000000c     timers.obj (.data)
                  200001a4    00000008     rtsv7M4_T_le_v4SPD16_eabi.lib : _lock.obj (.data)
                  200001ac    00000008                                   : exit.obj (.data)
                  200001b4    00000008                                   : feraiseexcept.obj (.data)
                  200001bc    00000005     uartstdio.obj (.data)
                  200001c1    00000003     --HOLE--
                  200001c4    00000004     rtsv7M4_T_le_v4SPD16_eabi.lib : errno.obj (.data)
                  200001c8    00000004                                   : stkdepth_vars.obj (.data)

.stack     0    200001cc    00000100     UNINITIALIZED
                  200001cc    00000100     --HOLE--

.bss       0    200002cc    0000002c     UNINITIALIZED
                  200002cc    00000004     (.common:RTC_Days)
                  200002d0    00000004     (.common:RTC_Hours)
                  200002d4    00000004     (.common:RTC_Minutes)
                  200002d8    00000004     (.common:RTC_Seconds)
                  200002dc    00000004     (.common:TimerACount)
                  200002e0    00000004     (.common:TimerBCount)
                  200002e4    00000004     (.common:TimerCCount)
                  200002e8    00000004     (.common:TimerDCount)
                  200002ec    00000004     (.common:adc_value)
                  200002f0    00000004     (.common:g_ui32InterruptFlags)
                  200002f4    00000004     (.common:g_ui32SysClock)


LINKER GENERATED COPY TABLES

__TI_cinit_table @ 00001c88 records: 2, size/record: 8, table size: 16
	.data: load addr=00001c00, load size=0000006f bytes, run addr=20000000, run size=000001cc bytes, compression=rle
	.bss: load addr=00001c80, load size=00000008 bytes, run addr=200002cc, run size=0000002c bytes, compression=zero_init


LINKER GENERATED HANDLER TABLE

__TI_handler_table @ 00001c70 records: 3, size/record: 4, table size: 12
	index: 0, handler: __TI_decompress_rle24
	index: 1, handler: __TI_decompress_none
	index: 2, handler: __TI_zero_init


GLOBAL SYMBOLS: SORTED ALPHABETICALLY BY Name 

address    name
--------   ----
2000019c   B
00001721   C$$EXIT
0000150d   ConfigureUART
20000198   DENOMINATOR
200002cc   RTC_Days
200002d0   RTC_Hours
200002d4   RTC_Minutes
200002d8   RTC_Seconds
000019c5   ResetISR
UNDEFED    SHT$$INIT_ARRAY$$Base
UNDEFED    SHT$$INIT_ARRAY$$Limit
000004ed   SysCtlClockFreqSet
0000112d   Timer0IntHandler
00001369   Timer1IntHandler
00001569   Timer2IntHandler
000015b9   Timer3IntHandler
200002dc   TimerACount
200002e0   TimerBCount
200002e4   TimerCCount
200002e8   TimerDCount
00000ff1   UARTSendData
0000144d   UARTStdioConfig
00001945   UARTprintf
000006e9   UARTvprintf
00001605   UARTwrite
200001a0   VIN
200000b0   _Denorm
00000e81   _Dnorm
000013e9   _Dunscale
200000c0   _Eps
200001c4   _Errno
20000130   _FDenorm
20000140   _FEps
20000150   _FInf
20000160   _FNan
20000180   _FRteps
20000170   _FSnan
20000190   _FXbig
20000194   _FZero
200001b4   _Fenv
00001855   _Feraise
200000d0   _Hugeval
200000e0   _Inf
00000201   _Log
200000f0   _Nan
20000110   _Rteps
20000100   _Snan
200001b8   _Tls_setup__Fenv
20000120   _Xbig
20000128   _Zero
200002cc   __STACK_END
00000100   __STACK_SIZE
200002cc   __STACK_TOP
00001c88   __TI_CINIT_Base
00001c98   __TI_CINIT_Limit
00001c70   __TI_Handler_Table_Base
00001c7c   __TI_Handler_Table_Limit
00000001   __TI_args_main
000011c1   __TI_auto_init
200001ac   __TI_cleanup_ptr
000019b7   __TI_decompress_none
000019cb   __TI_decompress_rle24
200001b0   __TI_dtors_ptr
00000000   __TI_static_base__
000019a5   __TI_zero_init
000012e1   __aeabi_cdcmpeq
000012e1   __aeabi_cdcmple
00000aa3   __aeabi_dadd
00000c4f   __aeabi_ddiv
00000d85   __aeabi_dmul
00000a99   __aeabi_dsub
000017e9   __aeabi_f2d
00001885   __aeabi_i2d
00001091   __aeabi_memcpy
00001091   __aeabi_memcpy4
00001091   __aeabi_memcpy8
00001765   __aeabi_uidivmod
ffffffff   __binit__
ffffffff   __c_args__
200001cc   __stack
00001979   _args_main
00001695   _c_int00
200001a4   _lock
0000199f   _nop
00001997   _register_lock
00001991   _register_unlock
200001a8   _unlock
00001725   abort
200002ec   adc_value
ffffffff   binit
000018e1   calcLight
00001905   calcProx
00000f45   calcTemp
00001255   configureADC
000016dd   copy_in
0000172d   exit
00001821   feraiseexcept
00000000   g_pfnVectors
200002f0   g_ui32InterruptFlags
200002f4   g_ui32SysClock
0000195f   log
000008d5   main
200001c8   main_func_sp
00001091   memcpy
000018b3   raise
000017a9   signal


GLOBAL SYMBOLS: SORTED BY Symbol Address 

address    name
--------   ----
00000000   __TI_static_base__
00000000   g_pfnVectors
00000001   __TI_args_main
00000100   __STACK_SIZE
00000201   _Log
000004ed   SysCtlClockFreqSet
000006e9   UARTvprintf
000008d5   main
00000a99   __aeabi_dsub
00000aa3   __aeabi_dadd
00000c4f   __aeabi_ddiv
00000d85   __aeabi_dmul
00000e81   _Dnorm
00000f45   calcTemp
00000ff1   UARTSendData
00001091   __aeabi_memcpy
00001091   __aeabi_memcpy4
00001091   __aeabi_memcpy8
00001091   memcpy
0000112d   Timer0IntHandler
000011c1   __TI_auto_init
00001255   configureADC
000012e1   __aeabi_cdcmpeq
000012e1   __aeabi_cdcmple
00001369   Timer1IntHandler
000013e9   _Dunscale
0000144d   UARTStdioConfig
0000150d   ConfigureUART
00001569   Timer2IntHandler
000015b9   Timer3IntHandler
00001605   UARTwrite
00001695   _c_int00
000016dd   copy_in
00001721   C$$EXIT
00001725   abort
0000172d   exit
00001765   __aeabi_uidivmod
000017a9   signal
000017e9   __aeabi_f2d
00001821   feraiseexcept
00001855   _Feraise
00001885   __aeabi_i2d
000018b3   raise
000018e1   calcLight
00001905   calcProx
00001945   UARTprintf
0000195f   log
00001979   _args_main
00001991   _register_unlock
00001997   _register_lock
0000199f   _nop
000019a5   __TI_zero_init
000019b7   __TI_decompress_none
000019c5   ResetISR
000019cb   __TI_decompress_rle24
00001c70   __TI_Handler_Table_Base
00001c7c   __TI_Handler_Table_Limit
00001c88   __TI_CINIT_Base
00001c98   __TI_CINIT_Limit
200000b0   _Denorm
200000c0   _Eps
200000d0   _Hugeval
200000e0   _Inf
200000f0   _Nan
20000100   _Snan
20000110   _Rteps
20000120   _Xbig
20000128   _Zero
20000130   _FDenorm
20000140   _FEps
20000150   _FInf
20000160   _FNan
20000170   _FSnan
20000180   _FRteps
20000190   _FXbig
20000194   _FZero
20000198   DENOMINATOR
2000019c   B
200001a0   VIN
200001a4   _lock
200001a8   _unlock
200001ac   __TI_cleanup_ptr
200001b0   __TI_dtors_ptr
200001b4   _Fenv
200001b8   _Tls_setup__Fenv
200001c4   _Errno
200001c8   main_func_sp
200001cc   __stack
200002cc   RTC_Days
200002cc   __STACK_END
200002cc   __STACK_TOP
200002d0   RTC_Hours
200002d4   RTC_Minutes
200002d8   RTC_Seconds
200002dc   TimerACount
200002e0   TimerBCount
200002e4   TimerCCount
200002e8   TimerDCount
200002ec   adc_value
200002f0   g_ui32InterruptFlags
200002f4   g_ui32SysClock
ffffffff   __binit__
ffffffff   __c_args__
ffffffff   binit
UNDEFED    SHT$$INIT_ARRAY$$Base
UNDEFED    SHT$$INIT_ARRAY$$Limit

[106 symbols]
