******************************************************************************
                  TI ARM Linker PC v5.1.8                      
******************************************************************************
>> Linked Tue Dec 02 10:45:47 2014

OUTPUT FILE NAME:   <Final Project.out>
ENTRY POINT SYMBOL: "_c_int00"  address: 000022b1


MEMORY CONFIGURATION

         name            origin    length      used     unused   attr    fill
----------------------  --------  ---------  --------  --------  ----  --------
  FLASH                 00000000   00100000  00002894  000fd76c  R  X
  SRAM                  20000000   00040000  000005b8  0003fa48  RW X


SEGMENT ALLOCATION MAP

run origin  load origin   length   init length attrs members
----------  ----------- ---------- ----------- ----- -------
00000000    00000000    00002898   00002898    r-x
  00000000    00000000    00000200   00000200    r-- .intvecs
  00000200    00000200    000023cc   000023cc    r-x .text
  000025d0    000025d0    00000230   00000230    r-- .const
  00002800    00002800    00000098   00000098    r-- .cinit
20000000    20000000    000005bc   00000000    rw-
  20000000    20000000    000002ec   00000000    rw- .bss
  200002f0    200002f0    000001cc   00000000    rw- .data
  200004bc    200004bc    00000100   00000000    rw- .stack


SECTION ALLOCATION MAP

 output                                  attributes/
section   page    origin      length       input sections
--------  ----  ----------  ----------   ----------------
.intvecs   0    00000000    00000200     
                  00000000    00000200     startup_ccs.obj (.intvecs)

.init_array 
*          0    00000000    00000000     UNINITIALIZED

.text      0    00000200    000023cc     
                  00000200    000006a8     timers.obj (.text:UARTSendData)
                  000008a8    000002ec     rtsv7M4_T_le_v4SPD16_eabi.lib : xlog.obj (.text)
                  00000b94    0000028c     timers.obj (.text:main)
                  00000e20    000001fc     driverlib.lib : sysctl.obj (.text:SysCtlClockFreqSet)
                  0000101c    000001ea     uartstdio.obj (.text:UARTvprintf)
                  00001206    000001b6     rtsv7M4_T_le_v4SPD16_eabi.lib : fd_add_t2.obj (.text)
                  000013bc    00000160     timers.obj (.text:calcTemp)
                  0000151c    00000148     rtsv7M4_T_le_v4SPD16_eabi.lib : sqrt.obj (.text)
                  00001664    00000136                                   : fd_div_t2.obj (.text)
                  0000179a    00000002     startup_ccs.obj (.text:FaultISR)
                  0000179c    00000110     rtsv7M4_T_le_v4SPD16_eabi.lib : xdscale.obj (.text)
                  000018ac    000000fc                                   : fd_mul_t2.obj (.text)
                  000019a8    000000f4     timers.obj (.text:Timer2IntHandler)
                  00001a9c    000000c4     rtsv7M4_T_le_v4SPD16_eabi.lib : xdnorm.obj (.text)
                  00001b60    0000009c                                   : memcpy_t2.obj (.text)
                  00001bfc    00000094                                   : auto_init.obj (.text)
                  00001c90    0000008c     timers.obj (.text:configureADC)
                  00001d1c    00000086     rtsv7M4_T_le_v4SPD16_eabi.lib : fd_cmp_t2.obj (.text:__aeabi_cdcmple)
                  00001da2    00000002     startup_ccs.obj (.text:IntDefaultHandler)
                  00001da4    00000080     timers.obj (.text:Timer1IntHandler)
                  00001e24    0000007c     timers.obj (.text:Timer0IntHandler)
                  00001ea0    0000007c     timers.obj (.text:calcProx)
                  00001f1c    00000078     timers.obj (.text:Timer3IntHandler)
                  00001f94    00000074     timers.obj (.text:calcLight)
                  00002008    00000064     rtsv7M4_T_le_v4SPD16_eabi.lib : xdunscal.obj (.text)
                  0000206c    00000060     uartstdio.obj (.text:UARTStdioConfig)
                  000020cc    0000005e     rtsv7M4_T_le_v4SPD16_eabi.lib : copy_decompress_rle.obj (.text)
                  0000212a    00000002     startup_ccs.obj (.text:NmiSR)
                  0000212c    0000005c     timers.obj (.text:ConfigureUART)
                  00002188    0000004c     timers.obj (.text:ConfigureDistancePulseTimer)
                  000021d4    0000004a     rtsv7M4_T_le_v4SPD16_eabi.lib : fd_tos_t2.obj (.text)
                  0000221e    00000002     --HOLE-- [fill = 0]
                  00002220    00000048     uartstdio.obj (.text:UARTwrite)
                  00002268    00000048     driverlib.lib : sysctl.obj (.text:_SysCtlFrequencyGet)
                  000022b0    00000048     rtsv7M4_T_le_v4SPD16_eabi.lib : boot.obj (.text)
                  000022f8    00000044                                   : cpy_tbl.obj (.text)
                  0000233c    00000044                                   : exit.obj (.text)
                  00002380    00000042                                   : u_divt2.obj (.text)
                  000023c2    00000002     --HOLE-- [fill = 0]
                  000023c4    00000040                                   : signal.obj (.text)
                  00002404    00000038                                   : fs_tod_t2.obj (.text)
                  0000243c    00000034                                   : feraiseexcept.obj (.text)
                  00002470    00000030                                   : xferaise.obj (.text)
                  000024a0    0000002e                                   : i_tofd_t2.obj (.text)
                  000024ce    0000002e                                   : raise.obj (.text)
                  000024fc    00000028     timers.obj (.text:delayFiveMicroseconds)
                  00002524    0000001c     driverlib.lib : sysctl.obj (.text:_SysCtlMemTimingGet)
                  00002540    0000001a     uartstdio.obj (.text:UARTprintf)
                  0000255a    0000001a     rtsv7M4_T_le_v4SPD16_eabi.lib : log.obj (.text)
                  00002574    00000018                                   : args_main.obj (.text)
                  0000258c    00000014                                   : _lock.obj (.text)
                  000025a0    00000012                                   : copy_zero_init.obj (.text:decompress:ZI)
                  000025b2    0000000e                                   : copy_decompress_none.obj (.text:decompress:none)
                  000025c0    00000006     startup_ccs.obj (.text:ResetISR)
                  000025c6    00000006     rtsv7M4_T_le_v4SPD16_eabi.lib : copy_decompress_rle.obj (.text:decompress:rle24)

.const     0    000025d0    00000230     
                  000025d0    00000120     driverlib.lib : sysctl.obj (.const:g_pppui32XTALtoVCO)
                  000026f0    0000006c                   : sysctl.obj (.const:g_pui32Xtals)
                  0000275c    00000004     --HOLE-- [fill = 0]
                  00002760    00000038     rtsv7M4_T_le_v4SPD16_eabi.lib : xlog.obj (.const:p)
                  00002798    00000030     driverlib.lib : sysctl.obj (.const:g_sXTALtoMEMTIM)
                  000027c8    0000001c     uartstdio.obj (.const)
                  000027e4    00000012     uartstdio.obj (.const:.string)
                  000027f6    00000002     --HOLE-- [fill = 0]
                  000027f8    00000008     driverlib.lib : sysctl.obj (.const)

.cinit     0    00002800    00000098     
                  00002800    0000006f     (.cinit..data.load) [load image, compression = rle]
                  0000286f    00000001     --HOLE-- [fill = 0]
                  00002870    0000000c     (__TI_handler_table)
                  0000287c    00000004     --HOLE-- [fill = 0]
                  00002880    00000008     (.cinit..bss.load) [load image, compression = zero_init]
                  00002888    00000010     (__TI_cinit_table)

.bss       0    20000000    000002ec     UNINITIALIZED
                  20000000    00000190     timers.obj (.bss:g_light_data)
                  20000190    000000c8     timers.obj (.bss:g_temp_data)
                  20000258    00000050     timers.obj (.bss:g_prox_data)
                  200002a8    00000004     (.common:RTC_Days)
                  200002ac    00000004     (.common:RTC_Hours)
                  200002b0    00000004     (.common:RTC_Minutes)
                  200002b4    00000004     (.common:RTC_Seconds)
                  200002b8    00000004     (.common:Timer)
                  200002bc    00000004     (.common:TimerACount)
                  200002c0    00000004     (.common:TimerBCount)
                  200002c4    00000004     (.common:TimerCCount)
                  200002c8    00000004     (.common:TimerDCount)
                  200002cc    00000004     (.common:adc_value)
                  200002d0    00000004     (.common:g_light_index)
                  200002d4    00000004     (.common:g_prox_index)
                  200002d8    00000004     (.common:g_temp_index)
                  200002dc    00000004     (.common:g_ui32InterruptFlags)
                  200002e0    00000004     (.common:g_ui32PrintFlags)
                  200002e4    00000004     (.common:g_ui32PulseLengthTicks)
                  200002e8    00000004     (.common:g_ui32SysClock)

.data      0    200002f0    000001cc     UNINITIALIZED
                  200002f0    000000b0     rtsv7M4_T_le_v4SPD16_eabi.lib : signal.obj (.data:sigtable)
                  200003a0    00000080                                   : xvalues.obj (.data)
                  20000420    00000068                                   : xfvalues.obj (.data)
                  20000488    0000000c     timers.obj (.data)
                  20000494    00000008     rtsv7M4_T_le_v4SPD16_eabi.lib : _lock.obj (.data)
                  2000049c    00000008                                   : exit.obj (.data)
                  200004a4    00000008                                   : feraiseexcept.obj (.data)
                  200004ac    00000005     uartstdio.obj (.data)
                  200004b1    00000003     --HOLE--
                  200004b4    00000004     rtsv7M4_T_le_v4SPD16_eabi.lib : errno.obj (.data)
                  200004b8    00000004                                   : stkdepth_vars.obj (.data)

.stack     0    200004bc    00000100     UNINITIALIZED
                  200004bc    00000100     --HOLE--


LINKER GENERATED COPY TABLES

__TI_cinit_table @ 00002888 records: 2, size/record: 8, table size: 16
	.data: load addr=00002800, load size=0000006f bytes, run addr=200002f0, run size=000001cc bytes, compression=rle
	.bss: load addr=00002880, load size=00000008 bytes, run addr=20000000, run size=000002ec bytes, compression=zero_init


LINKER GENERATED HANDLER TABLE

__TI_handler_table @ 00002870 records: 3, size/record: 4, table size: 12
	index: 0, handler: __TI_decompress_rle24
	index: 1, handler: __TI_decompress_none
	index: 2, handler: __TI_zero_init


GLOBAL SYMBOLS: SORTED ALPHABETICALLY BY Name 

address    name
--------   ----
2000048c   B
0000233d   C$$EXIT
00002189   ConfigureDistancePulseTimer
0000212d   ConfigureUART
20000488   DENOMINATOR
200002a8   RTC_Days
200002ac   RTC_Hours
200002b0   RTC_Minutes
200002b4   RTC_Seconds
000025c1   ResetISR
UNDEFED    SHT$$INIT_ARRAY$$Base
UNDEFED    SHT$$INIT_ARRAY$$Limit
00000e21   SysCtlClockFreqSet
200002b8   Timer
00001e25   Timer0IntHandler
00001da5   Timer1IntHandler
000019a9   Timer2IntHandler
00001f1d   Timer3IntHandler
200002bc   TimerACount
200002c0   TimerBCount
200002c4   TimerCCount
200002c8   TimerDCount
00000201   UARTSendData
0000206d   UARTStdioConfig
00002541   UARTprintf
0000101d   UARTvprintf
00002221   UARTwrite
20000490   VIN
200003a0   _Denorm
00001a9d   _Dnorm
0000179d   _Dscale
00002009   _Dunscale
200003b0   _Eps
200004b4   _Errno
20000420   _FDenorm
20000430   _FEps
20000440   _FInf
20000450   _FNan
20000470   _FRteps
20000460   _FSnan
20000480   _FXbig
20000484   _FZero
200004a4   _Fenv
00002471   _Feraise
200003c0   _Hugeval
200003d0   _Inf
000008a9   _Log
200003e0   _Nan
20000400   _Rteps
200003f0   _Snan
200004a8   _Tls_setup__Fenv
20000410   _Xbig
20000418   _Zero
200005bc   __STACK_END
00000100   __STACK_SIZE
200005bc   __STACK_TOP
00002888   __TI_CINIT_Base
00002898   __TI_CINIT_Limit
00002870   __TI_Handler_Table_Base
0000287c   __TI_Handler_Table_Limit
00000001   __TI_args_main
00001bfd   __TI_auto_init
2000049c   __TI_cleanup_ptr
000025b3   __TI_decompress_none
000025c7   __TI_decompress_rle24
200004a0   __TI_dtors_ptr
00000000   __TI_static_base__
000025a1   __TI_zero_init
00001d1d   __aeabi_cdcmpeq
00001d1d   __aeabi_cdcmple
000021d5   __aeabi_d2f
00001211   __aeabi_dadd
00001665   __aeabi_ddiv
000018ad   __aeabi_dmul
00001207   __aeabi_dsub
00002405   __aeabi_f2d
000024a1   __aeabi_i2d
00001b61   __aeabi_memcpy
00001b61   __aeabi_memcpy4
00001b61   __aeabi_memcpy8
00002381   __aeabi_uidivmod
ffffffff   __binit__
ffffffff   __c_args__
200004bc   __stack
00002575   _args_main
000022b1   _c_int00
20000494   _lock
0000259b   _nop
00002593   _register_lock
0000258d   _register_unlock
20000498   _unlock
00002341   abort
200002cc   adc_value
ffffffff   binit
00001f95   calcLight
00001ea1   calcProx
000013bd   calcTemp
00001c91   configureADC
000022f9   copy_in
000024fd   delayFiveMicroseconds
00002349   exit
0000243d   feraiseexcept
20000000   g_light_data
200002d0   g_light_index
00000000   g_pfnVectors
20000258   g_prox_data
200002d4   g_prox_index
20000190   g_temp_data
200002d8   g_temp_index
200002dc   g_ui32InterruptFlags
200002e0   g_ui32PrintFlags
200002e4   g_ui32PulseLengthTicks
200002e8   g_ui32SysClock
0000255b   log
00000b95   main
200004b8   main_func_sp
00001b61   memcpy
000024cf   raise
000023c5   signal
0000151d   sqrt


GLOBAL SYMBOLS: SORTED BY Symbol Address 

address    name
--------   ----
00000000   __TI_static_base__
00000000   g_pfnVectors
00000001   __TI_args_main
00000100   __STACK_SIZE
00000201   UARTSendData
000008a9   _Log
00000b95   main
00000e21   SysCtlClockFreqSet
0000101d   UARTvprintf
00001207   __aeabi_dsub
00001211   __aeabi_dadd
000013bd   calcTemp
0000151d   sqrt
00001665   __aeabi_ddiv
0000179d   _Dscale
000018ad   __aeabi_dmul
000019a9   Timer2IntHandler
00001a9d   _Dnorm
00001b61   __aeabi_memcpy
00001b61   __aeabi_memcpy4
00001b61   __aeabi_memcpy8
00001b61   memcpy
00001bfd   __TI_auto_init
00001c91   configureADC
00001d1d   __aeabi_cdcmpeq
00001d1d   __aeabi_cdcmple
00001da5   Timer1IntHandler
00001e25   Timer0IntHandler
00001ea1   calcProx
00001f1d   Timer3IntHandler
00001f95   calcLight
00002009   _Dunscale
0000206d   UARTStdioConfig
0000212d   ConfigureUART
00002189   ConfigureDistancePulseTimer
000021d5   __aeabi_d2f
00002221   UARTwrite
000022b1   _c_int00
000022f9   copy_in
0000233d   C$$EXIT
00002341   abort
00002349   exit
00002381   __aeabi_uidivmod
000023c5   signal
00002405   __aeabi_f2d
0000243d   feraiseexcept
00002471   _Feraise
000024a1   __aeabi_i2d
000024cf   raise
000024fd   delayFiveMicroseconds
00002541   UARTprintf
0000255b   log
00002575   _args_main
0000258d   _register_unlock
00002593   _register_lock
0000259b   _nop
000025a1   __TI_zero_init
000025b3   __TI_decompress_none
000025c1   ResetISR
000025c7   __TI_decompress_rle24
00002870   __TI_Handler_Table_Base
0000287c   __TI_Handler_Table_Limit
00002888   __TI_CINIT_Base
00002898   __TI_CINIT_Limit
20000000   g_light_data
20000190   g_temp_data
20000258   g_prox_data
200002a8   RTC_Days
200002ac   RTC_Hours
200002b0   RTC_Minutes
200002b4   RTC_Seconds
200002b8   Timer
200002bc   TimerACount
200002c0   TimerBCount
200002c4   TimerCCount
200002c8   TimerDCount
200002cc   adc_value
200002d0   g_light_index
200002d4   g_prox_index
200002d8   g_temp_index
200002dc   g_ui32InterruptFlags
200002e0   g_ui32PrintFlags
200002e4   g_ui32PulseLengthTicks
200002e8   g_ui32SysClock
200003a0   _Denorm
200003b0   _Eps
200003c0   _Hugeval
200003d0   _Inf
200003e0   _Nan
200003f0   _Snan
20000400   _Rteps
20000410   _Xbig
20000418   _Zero
20000420   _FDenorm
20000430   _FEps
20000440   _FInf
20000450   _FNan
20000460   _FSnan
20000470   _FRteps
20000480   _FXbig
20000484   _FZero
20000488   DENOMINATOR
2000048c   B
20000490   VIN
20000494   _lock
20000498   _unlock
2000049c   __TI_cleanup_ptr
200004a0   __TI_dtors_ptr
200004a4   _Fenv
200004a8   _Tls_setup__Fenv
200004b4   _Errno
200004b8   main_func_sp
200004bc   __stack
200005bc   __STACK_END
200005bc   __STACK_TOP
ffffffff   __binit__
ffffffff   __c_args__
ffffffff   binit
UNDEFED    SHT$$INIT_ARRAY$$Base
UNDEFED    SHT$$INIT_ARRAY$$Limit

[120 symbols]
