******************************************************************************
                  TI ARM Linker PC v5.1.8                      
******************************************************************************
>> Linked Wed Nov 19 13:02:50 2014

OUTPUT FILE NAME:   <Final Project.out>
ENTRY POINT SYMBOL: "_c_int00"  address: 000016f9


MEMORY CONFIGURATION

         name            origin    length      used     unused   attr    fill
----------------------  --------  ---------  --------  --------  ----  --------
  FLASH                 00000000   00100000  00001cfc  000fe304  R  X
  SRAM                  20000000   00040000  000002f8  0003fd08  RW X


SEGMENT ALLOCATION MAP

run origin  load origin   length   init length attrs members
----------  ----------- ---------- ----------- ----- -------
00000000    00000000    00001d00   00001d00    r-x
  00000000    00000000    00000200   00000200    r-- .intvecs
  00000200    00000200    00001834   00001834    r-x .text
  00001a38    00001a38    00000230   00000230    r-- .const
  00001c68    00001c68    00000098   00000098    r-- .cinit
20000000    20000000    000002f8   00000000    rw-
  20000000    20000000    000001cc   00000000    rw- .data
  200001cc    200001cc    00000100   00000000    rw- .stack
  200002cc    200002cc    0000002c   00000000    rw- .bss


SECTION ALLOCATION MAP

 output                                  attributes/
section   page    origin      length       input sections
--------  ----  ----------  ----------   ----------------
.intvecs   0    00000000    00000200     
                  00000000    00000200     startup_ccs.obj (.intvecs)

.init_array 
*          0    00000000    00000000     UNINITIALIZED

.text      0    00000200    00001834     
                  00000200    000002ec     rtsv7M4_T_le_v4SPD16_eabi.lib : xlog.obj (.text)
                  000004ec    00000208     timers.obj (.text:main)
                  000006f4    000001fc     driverlib.lib : sysctl.obj (.text:SysCtlClockFreqSet)
                  000008f0    000001ea     uartstdio.obj (.text:UARTvprintf)
                  00000ada    000001b6     rtsv7M4_T_le_v4SPD16_eabi.lib : fd_add_t2.obj (.text)
                  00000c90    00000144     timers.obj (.text:calcTemp)
                  00000dd4    00000136     rtsv7M4_T_le_v4SPD16_eabi.lib : fd_div_t2.obj (.text)
                  00000f0a    000000fc                                   : fd_mul_t2.obj (.text)
                  00001006    000000c4                                   : xdnorm.obj (.text)
                  000010ca    0000009c                                   : memcpy_t2.obj (.text)
                  00001166    00000002     startup_ccs.obj (.text:FaultISR)
                  00001168    00000094     rtsv7M4_T_le_v4SPD16_eabi.lib : auto_init.obj (.text)
                  000011fc    0000008c     timers.obj (.text:configureADC)
                  00001288    00000086     rtsv7M4_T_le_v4SPD16_eabi.lib : fd_cmp_t2.obj (.text:__aeabi_cdcmple)
                  0000130e    00000002     startup_ccs.obj (.text:IntDefaultHandler)
                  00001310    00000080     timers.obj (.text:Timer1IntHandler)
                  00001390    00000070     timers.obj (.text:Timer0IntHandler)
                  00001400    00000064     rtsv7M4_T_le_v4SPD16_eabi.lib : xdunscal.obj (.text)
                  00001464    00000060     uartstdio.obj (.text:UARTStdioConfig)
                  000014c4    0000005e     rtsv7M4_T_le_v4SPD16_eabi.lib : copy_decompress_rle.obj (.text)
                  00001522    00000002     startup_ccs.obj (.text:NmiSR)
                  00001524    0000005c     timers.obj (.text:ConfigureUART)
                  00001580    00000050     timers.obj (.text:Timer2IntHandler)
                  000015d0    0000004c     timers.obj (.text:Timer3IntHandler)
                  0000161c    0000004a     rtsv7M4_T_le_v4SPD16_eabi.lib : fd_tos_t2.obj (.text)
                  00001666    00000002     --HOLE-- [fill = 0]
                  00001668    00000048     uartstdio.obj (.text:UARTwrite)
                  000016b0    00000048     driverlib.lib : sysctl.obj (.text:_SysCtlFrequencyGet)
                  000016f8    00000048     rtsv7M4_T_le_v4SPD16_eabi.lib : boot.obj (.text)
                  00001740    00000044                                   : cpy_tbl.obj (.text)
                  00001784    00000044                                   : exit.obj (.text)
                  000017c8    00000042                                   : u_divt2.obj (.text)
                  0000180a    00000002     --HOLE-- [fill = 0]
                  0000180c    00000040                                   : signal.obj (.text)
                  0000184c    00000038                                   : fs_tod_t2.obj (.text)
                  00001884    00000034                                   : feraiseexcept.obj (.text)
                  000018b8    00000030                                   : xferaise.obj (.text)
                  000018e8    0000002e                                   : i_tofd_t2.obj (.text)
                  00001916    0000002e                                   : raise.obj (.text)
                  00001944    00000024     timers.obj (.text:calcLight)
                  00001968    00000024     timers.obj (.text:calcProx)
                  0000198c    0000001c     driverlib.lib : sysctl.obj (.text:_SysCtlMemTimingGet)
                  000019a8    0000001a     uartstdio.obj (.text:UARTprintf)
                  000019c2    0000001a     rtsv7M4_T_le_v4SPD16_eabi.lib : log.obj (.text)
                  000019dc    00000018                                   : args_main.obj (.text)
                  000019f4    00000014                                   : _lock.obj (.text)
                  00001a08    00000012                                   : copy_zero_init.obj (.text:decompress:ZI)
                  00001a1a    0000000e                                   : copy_decompress_none.obj (.text:decompress:none)
                  00001a28    00000006     startup_ccs.obj (.text:ResetISR)
                  00001a2e    00000006     rtsv7M4_T_le_v4SPD16_eabi.lib : copy_decompress_rle.obj (.text:decompress:rle24)

.const     0    00001a38    00000230     
                  00001a38    00000120     driverlib.lib : sysctl.obj (.const:g_pppui32XTALtoVCO)
                  00001b58    0000006c                   : sysctl.obj (.const:g_pui32Xtals)
                  00001bc4    00000004     --HOLE-- [fill = 0]
                  00001bc8    00000038     rtsv7M4_T_le_v4SPD16_eabi.lib : xlog.obj (.const:p)
                  00001c00    00000030     driverlib.lib : sysctl.obj (.const:g_sXTALtoMEMTIM)
                  00001c30    0000001c     uartstdio.obj (.const)
                  00001c4c    00000012     uartstdio.obj (.const:.string)
                  00001c5e    00000002     --HOLE-- [fill = 0]
                  00001c60    00000008     driverlib.lib : sysctl.obj (.const)

.cinit     0    00001c68    00000098     
                  00001c68    0000006f     (.cinit..data.load) [load image, compression = rle]
                  00001cd7    00000001     --HOLE-- [fill = 0]
                  00001cd8    0000000c     (__TI_handler_table)
                  00001ce4    00000004     --HOLE-- [fill = 0]
                  00001ce8    00000008     (.cinit..bss.load) [load image, compression = zero_init]
                  00001cf0    00000010     (__TI_cinit_table)

.data      0    20000000    000001cc     UNINITIALIZED
                  20000000    000000b0     rtsv7M4_T_le_v4SPD16_eabi.lib : signal.obj (.data:sigtable)
                  200000b0    00000080                                   : xvalues.obj (.data)
                  20000130    00000068                                   : xfvalues.obj (.data)
                  20000198    0000000c     timers.obj (.data)
                  200001a4    00000008     rtsv7M4_T_le_v4SPD16_eabi.lib : _lock.obj (.data)
                  200001ac    00000008                                   : exit.obj (.data)
                  200001b4    00000008                                   : feraiseexcept.obj (.data)
                  200001bc    00000005     uartstdio.obj (.data)
                  200001c1    00000003     --HOLE--
                  200001c4    00000004     rtsv7M4_T_le_v4SPD16_eabi.lib : errno.obj (.data)
                  200001c8    00000004                                   : stkdepth_vars.obj (.data)

.stack     0    200001cc    00000100     UNINITIALIZED
                  200001cc    00000100     --HOLE--

.bss       0    200002cc    0000002c     UNINITIALIZED
                  200002cc    00000004     (.common:RTC_Days)
                  200002d0    00000004     (.common:RTC_Hours)
                  200002d4    00000004     (.common:RTC_Minutes)
                  200002d8    00000004     (.common:RTC_Seconds)
                  200002dc    00000004     (.common:TimerACount)
                  200002e0    00000004     (.common:TimerBCount)
                  200002e4    00000004     (.common:TimerCCount)
                  200002e8    00000004     (.common:TimerDCount)
                  200002ec    00000004     (.common:adc_value)
                  200002f0    00000004     (.common:g_ui32InterruptFlags)
                  200002f4    00000004     (.common:g_ui32SysClock)


LINKER GENERATED COPY TABLES

__TI_cinit_table @ 00001cf0 records: 2, size/record: 8, table size: 16
	.data: load addr=00001c68, load size=0000006f bytes, run addr=20000000, run size=000001cc bytes, compression=rle
	.bss: load addr=00001ce8, load size=00000008 bytes, run addr=200002cc, run size=0000002c bytes, compression=zero_init


LINKER GENERATED HANDLER TABLE

__TI_handler_table @ 00001cd8 records: 3, size/record: 4, table size: 12
	index: 0, handler: __TI_decompress_rle24
	index: 1, handler: __TI_decompress_none
	index: 2, handler: __TI_zero_init


GLOBAL SYMBOLS: SORTED ALPHABETICALLY BY Name 

address    name
--------   ----
2000019c   B
00001785   C$$EXIT
00001525   ConfigureUART
20000198   DENOMINATOR
200002cc   RTC_Days
200002d0   RTC_Hours
200002d4   RTC_Minutes
200002d8   RTC_Seconds
00001a29   ResetISR
UNDEFED    SHT$$INIT_ARRAY$$Base
UNDEFED    SHT$$INIT_ARRAY$$Limit
000006f5   SysCtlClockFreqSet
00001391   Timer0IntHandler
00001311   Timer1IntHandler
00001581   Timer2IntHandler
000015d1   Timer3IntHandler
200002dc   TimerACount
200002e0   TimerBCount
200002e4   TimerCCount
200002e8   TimerDCount
00001465   UARTStdioConfig
000019a9   UARTprintf
000008f1   UARTvprintf
00001669   UARTwrite
200001a0   VIN
200000b0   _Denorm
00001007   _Dnorm
00001401   _Dunscale
200000c0   _Eps
200001c4   _Errno
20000130   _FDenorm
20000140   _FEps
20000150   _FInf
20000160   _FNan
20000180   _FRteps
20000170   _FSnan
20000190   _FXbig
20000194   _FZero
200001b4   _Fenv
000018b9   _Feraise
200000d0   _Hugeval
200000e0   _Inf
00000201   _Log
200000f0   _Nan
20000110   _Rteps
20000100   _Snan
200001b8   _Tls_setup__Fenv
20000120   _Xbig
20000128   _Zero
200002cc   __STACK_END
00000100   __STACK_SIZE
200002cc   __STACK_TOP
00001cf0   __TI_CINIT_Base
00001d00   __TI_CINIT_Limit
00001cd8   __TI_Handler_Table_Base
00001ce4   __TI_Handler_Table_Limit
00000001   __TI_args_main
00001169   __TI_auto_init
200001ac   __TI_cleanup_ptr
00001a1b   __TI_decompress_none
00001a2f   __TI_decompress_rle24
200001b0   __TI_dtors_ptr
00000000   __TI_static_base__
00001a09   __TI_zero_init
00001289   __aeabi_cdcmpeq
00001289   __aeabi_cdcmple
0000161d   __aeabi_d2f
00000ae5   __aeabi_dadd
00000dd5   __aeabi_ddiv
00000f0b   __aeabi_dmul
00000adb   __aeabi_dsub
0000184d   __aeabi_f2d
000018e9   __aeabi_i2d
000010cb   __aeabi_memcpy
000010cb   __aeabi_memcpy4
000010cb   __aeabi_memcpy8
000017c9   __aeabi_uidivmod
ffffffff   __binit__
ffffffff   __c_args__
200001cc   __stack
000019dd   _args_main
000016f9   _c_int00
200001a4   _lock
00001a03   _nop
000019fb   _register_lock
000019f5   _register_unlock
200001a8   _unlock
00001789   abort
200002ec   adc_value
ffffffff   binit
00001945   calcLight
00001969   calcProx
00000c91   calcTemp
000011fd   configureADC
00001741   copy_in
00001791   exit
00001885   feraiseexcept
00000000   g_pfnVectors
200002f0   g_ui32InterruptFlags
200002f4   g_ui32SysClock
000019c3   log
000004ed   main
200001c8   main_func_sp
000010cb   memcpy
00001917   raise
0000180d   signal


GLOBAL SYMBOLS: SORTED BY Symbol Address 

address    name
--------   ----
00000000   __TI_static_base__
00000000   g_pfnVectors
00000001   __TI_args_main
00000100   __STACK_SIZE
00000201   _Log
000004ed   main
000006f5   SysCtlClockFreqSet
000008f1   UARTvprintf
00000adb   __aeabi_dsub
00000ae5   __aeabi_dadd
00000c91   calcTemp
00000dd5   __aeabi_ddiv
00000f0b   __aeabi_dmul
00001007   _Dnorm
000010cb   __aeabi_memcpy
000010cb   __aeabi_memcpy4
000010cb   __aeabi_memcpy8
000010cb   memcpy
00001169   __TI_auto_init
000011fd   configureADC
00001289   __aeabi_cdcmpeq
00001289   __aeabi_cdcmple
00001311   Timer1IntHandler
00001391   Timer0IntHandler
00001401   _Dunscale
00001465   UARTStdioConfig
00001525   ConfigureUART
00001581   Timer2IntHandler
000015d1   Timer3IntHandler
0000161d   __aeabi_d2f
00001669   UARTwrite
000016f9   _c_int00
00001741   copy_in
00001785   C$$EXIT
00001789   abort
00001791   exit
000017c9   __aeabi_uidivmod
0000180d   signal
0000184d   __aeabi_f2d
00001885   feraiseexcept
000018b9   _Feraise
000018e9   __aeabi_i2d
00001917   raise
00001945   calcLight
00001969   calcProx
000019a9   UARTprintf
000019c3   log
000019dd   _args_main
000019f5   _register_unlock
000019fb   _register_lock
00001a03   _nop
00001a09   __TI_zero_init
00001a1b   __TI_decompress_none
00001a29   ResetISR
00001a2f   __TI_decompress_rle24
00001cd8   __TI_Handler_Table_Base
00001ce4   __TI_Handler_Table_Limit
00001cf0   __TI_CINIT_Base
00001d00   __TI_CINIT_Limit
200000b0   _Denorm
200000c0   _Eps
200000d0   _Hugeval
200000e0   _Inf
200000f0   _Nan
20000100   _Snan
20000110   _Rteps
20000120   _Xbig
20000128   _Zero
20000130   _FDenorm
20000140   _FEps
20000150   _FInf
20000160   _FNan
20000170   _FSnan
20000180   _FRteps
20000190   _FXbig
20000194   _FZero
20000198   DENOMINATOR
2000019c   B
200001a0   VIN
200001a4   _lock
200001a8   _unlock
200001ac   __TI_cleanup_ptr
200001b0   __TI_dtors_ptr
200001b4   _Fenv
200001b8   _Tls_setup__Fenv
200001c4   _Errno
200001c8   main_func_sp
200001cc   __stack
200002cc   RTC_Days
200002cc   __STACK_END
200002cc   __STACK_TOP
200002d0   RTC_Hours
200002d4   RTC_Minutes
200002d8   RTC_Seconds
200002dc   TimerACount
200002e0   TimerBCount
200002e4   TimerCCount
200002e8   TimerDCount
200002ec   adc_value
200002f0   g_ui32InterruptFlags
200002f4   g_ui32SysClock
ffffffff   __binit__
ffffffff   __c_args__
ffffffff   binit
UNDEFED    SHT$$INIT_ARRAY$$Base
UNDEFED    SHT$$INIT_ARRAY$$Limit

[106 symbols]
