******************************************************************************
                  TI ARM Linker PC v5.1.8                      
******************************************************************************
>> Linked Thu Nov 20 12:56:50 2014

OUTPUT FILE NAME:   <Final Project.out>
ENTRY POINT SYMBOL: "_c_int00"  address: 00001cd9


MEMORY CONFIGURATION

         name            origin    length      used     unused   attr    fill
----------------------  --------  ---------  --------  --------  ----  --------
  FLASH                 00000000   00100000  00002320  000fdce0  R  X
  SRAM                  20000000   00040000  000003d0  0003fc30  RW X


SEGMENT ALLOCATION MAP

run origin  load origin   length   init length attrs members
----------  ----------- ---------- ----------- ----- -------
00000000    00000000    00002320   00002320    r-x
  00000000    00000000    00000200   00000200    r-- .intvecs
  00000200    00000200    00001e58   00001e58    r-x .text
  00002058    00002058    00000230   00000230    r-- .const
  00002288    00002288    00000098   00000098    r-- .cinit
20000000    20000000    000003d0   00000000    rw-
  20000000    20000000    000001cc   00000000    rw- .data
  200001cc    200001cc    00000104   00000000    rw- .bss
  200002d0    200002d0    00000100   00000000    rw- .stack


SECTION ALLOCATION MAP

 output                                  attributes/
section   page    origin      length       input sections
--------  ----  ----------  ----------   ----------------
.intvecs   0    00000000    00000200     
                  00000000    00000200     startup_ccs.obj (.intvecs)

.init_array 
*          0    00000000    00000000     UNINITIALIZED

.text      0    00000200    00001e58     
                  00000200    000003b4     timers.obj (.text:UARTSendData)
                  000005b4    000002ec     rtsv7M4_T_le_v4SPD16_eabi.lib : xlog.obj (.text)
                  000008a0    000001fc     driverlib.lib : sysctl.obj (.text:SysCtlClockFreqSet)
                  00000a9c    000001f0     timers.obj (.text:main)
                  00000c8c    000001ea     uartstdio.obj (.text:UARTvprintf)
                  00000e76    000001b6     rtsv7M4_T_le_v4SPD16_eabi.lib : fd_add_t2.obj (.text)
                  0000102c    00000160     timers.obj (.text:calcTemp)
                  0000118c    00000148     rtsv7M4_T_le_v4SPD16_eabi.lib : sqrt.obj (.text)
                  000012d4    00000136                                   : fd_div_t2.obj (.text)
                  0000140a    00000002     startup_ccs.obj (.text:FaultISR)
                  0000140c    00000110     rtsv7M4_T_le_v4SPD16_eabi.lib : xdscale.obj (.text)
                  0000151c    000000fc                                   : fd_mul_t2.obj (.text)
                  00001618    000000c4                                   : xdnorm.obj (.text)
                  000016dc    0000009c                                   : memcpy_t2.obj (.text)
                  00001778    00000094                                   : auto_init.obj (.text)
                  0000180c    0000008c     timers.obj (.text:Timer0IntHandler)
                  00001898    0000008c     timers.obj (.text:configureADC)
                  00001924    00000086     rtsv7M4_T_le_v4SPD16_eabi.lib : fd_cmp_t2.obj (.text:__aeabi_cdcmple)
                  000019aa    00000002     startup_ccs.obj (.text:IntDefaultHandler)
                  000019ac    00000080     timers.obj (.text:Timer1IntHandler)
                  00001a2c    00000064     rtsv7M4_T_le_v4SPD16_eabi.lib : xdunscal.obj (.text)
                  00001a90    00000060     uartstdio.obj (.text:UARTStdioConfig)
                  00001af0    0000005e     rtsv7M4_T_le_v4SPD16_eabi.lib : copy_decompress_rle.obj (.text)
                  00001b4e    00000002     startup_ccs.obj (.text:NmiSR)
                  00001b50    0000005c     timers.obj (.text:ConfigureUART)
                  00001bac    00000050     timers.obj (.text:Timer2IntHandler)
                  00001bfc    0000004a     rtsv7M4_T_le_v4SPD16_eabi.lib : fd_tos_t2.obj (.text)
                  00001c46    00000002     --HOLE-- [fill = 0]
                  00001c48    00000048     uartstdio.obj (.text:UARTwrite)
                  00001c90    00000048     driverlib.lib : sysctl.obj (.text:_SysCtlFrequencyGet)
                  00001cd8    00000048     rtsv7M4_T_le_v4SPD16_eabi.lib : boot.obj (.text)
                  00001d20    00000044     timers.obj (.text:Timer3IntHandler)
                  00001d64    00000044     rtsv7M4_T_le_v4SPD16_eabi.lib : cpy_tbl.obj (.text)
                  00001da8    00000044                                   : exit.obj (.text)
                  00001dec    00000042                                   : u_divt2.obj (.text)
                  00001e2e    00000002     --HOLE-- [fill = 0]
                  00001e30    00000040                                   : signal.obj (.text)
                  00001e70    00000038                                   : fs_tod_t2.obj (.text)
                  00001ea8    00000034                                   : feraiseexcept.obj (.text)
                  00001edc    00000030                                   : xferaise.obj (.text)
                  00001f0c    0000002e                                   : i_tofd_t2.obj (.text)
                  00001f3a    0000002e                                   : raise.obj (.text)
                  00001f68    00000024     timers.obj (.text:calcLight)
                  00001f8c    00000024     timers.obj (.text:calcProx)
                  00001fb0    0000001c     driverlib.lib : sysctl.obj (.text:_SysCtlMemTimingGet)
                  00001fcc    0000001a     uartstdio.obj (.text:UARTprintf)
                  00001fe6    0000001a     rtsv7M4_T_le_v4SPD16_eabi.lib : log.obj (.text)
                  00002000    00000018                                   : args_main.obj (.text)
                  00002018    00000014                                   : _lock.obj (.text)
                  0000202c    00000012                                   : copy_zero_init.obj (.text:decompress:ZI)
                  0000203e    0000000e                                   : copy_decompress_none.obj (.text:decompress:none)
                  0000204c    00000006     startup_ccs.obj (.text:ResetISR)
                  00002052    00000006     rtsv7M4_T_le_v4SPD16_eabi.lib : copy_decompress_rle.obj (.text:decompress:rle24)

.const     0    00002058    00000230     
                  00002058    00000120     driverlib.lib : sysctl.obj (.const:g_pppui32XTALtoVCO)
                  00002178    0000006c                   : sysctl.obj (.const:g_pui32Xtals)
                  000021e4    00000004     --HOLE-- [fill = 0]
                  000021e8    00000038     rtsv7M4_T_le_v4SPD16_eabi.lib : xlog.obj (.const:p)
                  00002220    00000030     driverlib.lib : sysctl.obj (.const:g_sXTALtoMEMTIM)
                  00002250    0000001c     uartstdio.obj (.const)
                  0000226c    00000012     uartstdio.obj (.const:.string)
                  0000227e    00000002     --HOLE-- [fill = 0]
                  00002280    00000008     driverlib.lib : sysctl.obj (.const)

.cinit     0    00002288    00000098     
                  00002288    0000006f     (.cinit..data.load) [load image, compression = rle]
                  000022f7    00000001     --HOLE-- [fill = 0]
                  000022f8    0000000c     (__TI_handler_table)
                  00002304    00000004     --HOLE-- [fill = 0]
                  00002308    00000008     (.cinit..bss.load) [load image, compression = zero_init]
                  00002310    00000010     (__TI_cinit_table)

.data      0    20000000    000001cc     UNINITIALIZED
                  20000000    000000b0     rtsv7M4_T_le_v4SPD16_eabi.lib : signal.obj (.data:sigtable)
                  200000b0    00000080                                   : xvalues.obj (.data)
                  20000130    00000068                                   : xfvalues.obj (.data)
                  20000198    0000000c     timers.obj (.data)
                  200001a4    00000008     rtsv7M4_T_le_v4SPD16_eabi.lib : _lock.obj (.data)
                  200001ac    00000008                                   : exit.obj (.data)
                  200001b4    00000008                                   : feraiseexcept.obj (.data)
                  200001bc    00000005     uartstdio.obj (.data)
                  200001c1    00000003     --HOLE--
                  200001c4    00000004     rtsv7M4_T_le_v4SPD16_eabi.lib : errno.obj (.data)
                  200001c8    00000004                                   : stkdepth_vars.obj (.data)

.bss       0    200001cc    00000104     UNINITIALIZED
                  200001cc    000000c8     timers.obj (.bss:g_temp_data)
                  20000294    00000004     (.common:RTC_Days)
                  20000298    00000004     (.common:RTC_Hours)
                  2000029c    00000004     (.common:RTC_Minutes)
                  200002a0    00000004     (.common:RTC_Seconds)
                  200002a4    00000004     (.common:TimerACount)
                  200002a8    00000004     (.common:TimerBCount)
                  200002ac    00000004     (.common:TimerCCount)
                  200002b0    00000004     (.common:TimerDCount)
                  200002b4    00000004     (.common:adc_value)
                  200002b8    00000004     (.common:g_light_index)
                  200002bc    00000004     (.common:g_prox_index)
                  200002c0    00000004     (.common:g_temp_index)
                  200002c4    00000004     (.common:g_ui32InterruptFlags)
                  200002c8    00000004     (.common:g_ui32PrintFlags)
                  200002cc    00000004     (.common:g_ui32SysClock)

.stack     0    200002d0    00000100     UNINITIALIZED
                  200002d0    00000100     --HOLE--


LINKER GENERATED COPY TABLES

__TI_cinit_table @ 00002310 records: 2, size/record: 8, table size: 16
	.data: load addr=00002288, load size=0000006f bytes, run addr=20000000, run size=000001cc bytes, compression=rle
	.bss: load addr=00002308, load size=00000008 bytes, run addr=200001cc, run size=00000104 bytes, compression=zero_init


LINKER GENERATED HANDLER TABLE

__TI_handler_table @ 000022f8 records: 3, size/record: 4, table size: 12
	index: 0, handler: __TI_decompress_rle24
	index: 1, handler: __TI_decompress_none
	index: 2, handler: __TI_zero_init


GLOBAL SYMBOLS: SORTED ALPHABETICALLY BY Name 

address    name
--------   ----
2000019c   B
00001da9   C$$EXIT
00001b51   ConfigureUART
20000198   DENOMINATOR
20000294   RTC_Days
20000298   RTC_Hours
2000029c   RTC_Minutes
200002a0   RTC_Seconds
0000204d   ResetISR
UNDEFED    SHT$$INIT_ARRAY$$Base
UNDEFED    SHT$$INIT_ARRAY$$Limit
000008a1   SysCtlClockFreqSet
0000180d   Timer0IntHandler
000019ad   Timer1IntHandler
00001bad   Timer2IntHandler
00001d21   Timer3IntHandler
200002a4   TimerACount
200002a8   TimerBCount
200002ac   TimerCCount
200002b0   TimerDCount
00000201   UARTSendData
00001a91   UARTStdioConfig
00001fcd   UARTprintf
00000c8d   UARTvprintf
00001c49   UARTwrite
200001a0   VIN
200000b0   _Denorm
00001619   _Dnorm
0000140d   _Dscale
00001a2d   _Dunscale
200000c0   _Eps
200001c4   _Errno
20000130   _FDenorm
20000140   _FEps
20000150   _FInf
20000160   _FNan
20000180   _FRteps
20000170   _FSnan
20000190   _FXbig
20000194   _FZero
200001b4   _Fenv
00001edd   _Feraise
200000d0   _Hugeval
200000e0   _Inf
000005b5   _Log
200000f0   _Nan
20000110   _Rteps
20000100   _Snan
200001b8   _Tls_setup__Fenv
20000120   _Xbig
20000128   _Zero
200003d0   __STACK_END
00000100   __STACK_SIZE
200003d0   __STACK_TOP
00002310   __TI_CINIT_Base
00002320   __TI_CINIT_Limit
000022f8   __TI_Handler_Table_Base
00002304   __TI_Handler_Table_Limit
00000001   __TI_args_main
00001779   __TI_auto_init
200001ac   __TI_cleanup_ptr
0000203f   __TI_decompress_none
00002053   __TI_decompress_rle24
200001b0   __TI_dtors_ptr
00000000   __TI_static_base__
0000202d   __TI_zero_init
00001925   __aeabi_cdcmpeq
00001925   __aeabi_cdcmple
00001bfd   __aeabi_d2f
00000e81   __aeabi_dadd
000012d5   __aeabi_ddiv
0000151d   __aeabi_dmul
00000e77   __aeabi_dsub
00001e71   __aeabi_f2d
00001f0d   __aeabi_i2d
000016dd   __aeabi_memcpy
000016dd   __aeabi_memcpy4
000016dd   __aeabi_memcpy8
00001ded   __aeabi_uidivmod
ffffffff   __binit__
ffffffff   __c_args__
200002d0   __stack
00002001   _args_main
00001cd9   _c_int00
200001a4   _lock
00002027   _nop
0000201f   _register_lock
00002019   _register_unlock
200001a8   _unlock
00001dad   abort
200002b4   adc_value
ffffffff   binit
00001f69   calcLight
00001f8d   calcProx
0000102d   calcTemp
00001899   configureADC
00001d65   copy_in
00001db5   exit
00001ea9   feraiseexcept
200002b8   g_light_index
00000000   g_pfnVectors
200002bc   g_prox_index
200001cc   g_temp_data
200002c0   g_temp_index
200002c4   g_ui32InterruptFlags
200002c8   g_ui32PrintFlags
200002cc   g_ui32SysClock
00001fe7   log
00000a9d   main
200001c8   main_func_sp
000016dd   memcpy
00001f3b   raise
00001e31   signal
0000118d   sqrt


GLOBAL SYMBOLS: SORTED BY Symbol Address 

address    name
--------   ----
00000000   __TI_static_base__
00000000   g_pfnVectors
00000001   __TI_args_main
00000100   __STACK_SIZE
00000201   UARTSendData
000005b5   _Log
000008a1   SysCtlClockFreqSet
00000a9d   main
00000c8d   UARTvprintf
00000e77   __aeabi_dsub
00000e81   __aeabi_dadd
0000102d   calcTemp
0000118d   sqrt
000012d5   __aeabi_ddiv
0000140d   _Dscale
0000151d   __aeabi_dmul
00001619   _Dnorm
000016dd   __aeabi_memcpy
000016dd   __aeabi_memcpy4
000016dd   __aeabi_memcpy8
000016dd   memcpy
00001779   __TI_auto_init
0000180d   Timer0IntHandler
00001899   configureADC
00001925   __aeabi_cdcmpeq
00001925   __aeabi_cdcmple
000019ad   Timer1IntHandler
00001a2d   _Dunscale
00001a91   UARTStdioConfig
00001b51   ConfigureUART
00001bad   Timer2IntHandler
00001bfd   __aeabi_d2f
00001c49   UARTwrite
00001cd9   _c_int00
00001d21   Timer3IntHandler
00001d65   copy_in
00001da9   C$$EXIT
00001dad   abort
00001db5   exit
00001ded   __aeabi_uidivmod
00001e31   signal
00001e71   __aeabi_f2d
00001ea9   feraiseexcept
00001edd   _Feraise
00001f0d   __aeabi_i2d
00001f3b   raise
00001f69   calcLight
00001f8d   calcProx
00001fcd   UARTprintf
00001fe7   log
00002001   _args_main
00002019   _register_unlock
0000201f   _register_lock
00002027   _nop
0000202d   __TI_zero_init
0000203f   __TI_decompress_none
0000204d   ResetISR
00002053   __TI_decompress_rle24
000022f8   __TI_Handler_Table_Base
00002304   __TI_Handler_Table_Limit
00002310   __TI_CINIT_Base
00002320   __TI_CINIT_Limit
200000b0   _Denorm
200000c0   _Eps
200000d0   _Hugeval
200000e0   _Inf
200000f0   _Nan
20000100   _Snan
20000110   _Rteps
20000120   _Xbig
20000128   _Zero
20000130   _FDenorm
20000140   _FEps
20000150   _FInf
20000160   _FNan
20000170   _FSnan
20000180   _FRteps
20000190   _FXbig
20000194   _FZero
20000198   DENOMINATOR
2000019c   B
200001a0   VIN
200001a4   _lock
200001a8   _unlock
200001ac   __TI_cleanup_ptr
200001b0   __TI_dtors_ptr
200001b4   _Fenv
200001b8   _Tls_setup__Fenv
200001c4   _Errno
200001c8   main_func_sp
200001cc   g_temp_data
20000294   RTC_Days
20000298   RTC_Hours
2000029c   RTC_Minutes
200002a0   RTC_Seconds
200002a4   TimerACount
200002a8   TimerBCount
200002ac   TimerCCount
200002b0   TimerDCount
200002b4   adc_value
200002b8   g_light_index
200002bc   g_prox_index
200002c0   g_temp_index
200002c4   g_ui32InterruptFlags
200002c8   g_ui32PrintFlags
200002cc   g_ui32SysClock
200002d0   __stack
200003d0   __STACK_END
200003d0   __STACK_TOP
ffffffff   __binit__
ffffffff   __c_args__
ffffffff   binit
UNDEFED    SHT$$INIT_ARRAY$$Base
UNDEFED    SHT$$INIT_ARRAY$$Limit

[114 symbols]
