******************************************************************************
                  TI ARM Linker PC v5.1.8                      
******************************************************************************
>> Linked Tue Nov 25 12:09:42 2014

OUTPUT FILE NAME:   <Final Project.out>
ENTRY POINT SYMBOL: "_c_int00"  address: 00001d69


MEMORY CONFIGURATION

         name            origin    length      used     unused   attr    fill
----------------------  --------  ---------  --------  --------  ----  --------
  FLASH                 00000000   00100000  000023b0  000fdc50  R  X
  SRAM                  20000000   00040000  000003d0  0003fc30  RW X


SEGMENT ALLOCATION MAP

run origin  load origin   length   init length attrs members
----------  ----------- ---------- ----------- ----- -------
00000000    00000000    000023b0   000023b0    r-x
  00000000    00000000    00000200   00000200    r-- .intvecs
  00000200    00000200    00001ee8   00001ee8    r-x .text
  000020e8    000020e8    00000230   00000230    r-- .const
  00002318    00002318    00000098   00000098    r-- .cinit
20000000    20000000    000003d0   00000000    rw-
  20000000    20000000    000001cc   00000000    rw- .data
  200001cc    200001cc    00000104   00000000    rw- .bss
  200002d0    200002d0    00000100   00000000    rw- .stack


SECTION ALLOCATION MAP

 output                                  attributes/
section   page    origin      length       input sections
--------  ----  ----------  ----------   ----------------
.intvecs   0    00000000    00000200     
                  00000000    00000200     startup_ccs.obj (.intvecs)

.init_array 
*          0    00000000    00000000     UNINITIALIZED

.text      0    00000200    00001ee8     
                  00000200    00000444     timers.obj (.text:UARTSendData)
                  00000644    000002ec     rtsv7M4_T_le_v4SPD16_eabi.lib : xlog.obj (.text)
                  00000930    000001fc     driverlib.lib : sysctl.obj (.text:SysCtlClockFreqSet)
                  00000b2c    000001f0     timers.obj (.text:main)
                  00000d1c    000001ea     uartstdio.obj (.text:UARTvprintf)
                  00000f06    000001b6     rtsv7M4_T_le_v4SPD16_eabi.lib : fd_add_t2.obj (.text)
                  000010bc    00000160     timers.obj (.text:calcTemp)
                  0000121c    00000148     rtsv7M4_T_le_v4SPD16_eabi.lib : sqrt.obj (.text)
                  00001364    00000136                                   : fd_div_t2.obj (.text)
                  0000149a    00000002     startup_ccs.obj (.text:FaultISR)
                  0000149c    00000110     rtsv7M4_T_le_v4SPD16_eabi.lib : xdscale.obj (.text)
                  000015ac    000000fc                                   : fd_mul_t2.obj (.text)
                  000016a8    000000c4                                   : xdnorm.obj (.text)
                  0000176c    0000009c                                   : memcpy_t2.obj (.text)
                  00001808    00000094                                   : auto_init.obj (.text)
                  0000189c    0000008c     timers.obj (.text:Timer0IntHandler)
                  00001928    0000008c     timers.obj (.text:configureADC)
                  000019b4    00000086     rtsv7M4_T_le_v4SPD16_eabi.lib : fd_cmp_t2.obj (.text:__aeabi_cdcmple)
                  00001a3a    00000002     startup_ccs.obj (.text:IntDefaultHandler)
                  00001a3c    00000080     timers.obj (.text:Timer1IntHandler)
                  00001abc    00000064     rtsv7M4_T_le_v4SPD16_eabi.lib : xdunscal.obj (.text)
                  00001b20    00000060     uartstdio.obj (.text:UARTStdioConfig)
                  00001b80    0000005e     rtsv7M4_T_le_v4SPD16_eabi.lib : copy_decompress_rle.obj (.text)
                  00001bde    00000002     startup_ccs.obj (.text:NmiSR)
                  00001be0    0000005c     timers.obj (.text:ConfigureUART)
                  00001c3c    00000050     timers.obj (.text:Timer2IntHandler)
                  00001c8c    0000004a     rtsv7M4_T_le_v4SPD16_eabi.lib : fd_tos_t2.obj (.text)
                  00001cd6    00000002     --HOLE-- [fill = 0]
                  00001cd8    00000048     uartstdio.obj (.text:UARTwrite)
                  00001d20    00000048     driverlib.lib : sysctl.obj (.text:_SysCtlFrequencyGet)
                  00001d68    00000048     rtsv7M4_T_le_v4SPD16_eabi.lib : boot.obj (.text)
                  00001db0    00000044     timers.obj (.text:Timer3IntHandler)
                  00001df4    00000044     rtsv7M4_T_le_v4SPD16_eabi.lib : cpy_tbl.obj (.text)
                  00001e38    00000044                                   : exit.obj (.text)
                  00001e7c    00000042                                   : u_divt2.obj (.text)
                  00001ebe    00000002     --HOLE-- [fill = 0]
                  00001ec0    00000040                                   : signal.obj (.text)
                  00001f00    00000038                                   : fs_tod_t2.obj (.text)
                  00001f38    00000034                                   : feraiseexcept.obj (.text)
                  00001f6c    00000030                                   : xferaise.obj (.text)
                  00001f9c    0000002e                                   : i_tofd_t2.obj (.text)
                  00001fca    0000002e                                   : raise.obj (.text)
                  00001ff8    00000024     timers.obj (.text:calcLight)
                  0000201c    00000024     timers.obj (.text:calcProx)
                  00002040    0000001c     driverlib.lib : sysctl.obj (.text:_SysCtlMemTimingGet)
                  0000205c    0000001a     uartstdio.obj (.text:UARTprintf)
                  00002076    0000001a     rtsv7M4_T_le_v4SPD16_eabi.lib : log.obj (.text)
                  00002090    00000018                                   : args_main.obj (.text)
                  000020a8    00000014                                   : _lock.obj (.text)
                  000020bc    00000012                                   : copy_zero_init.obj (.text:decompress:ZI)
                  000020ce    0000000e                                   : copy_decompress_none.obj (.text:decompress:none)
                  000020dc    00000006     startup_ccs.obj (.text:ResetISR)
                  000020e2    00000006     rtsv7M4_T_le_v4SPD16_eabi.lib : copy_decompress_rle.obj (.text:decompress:rle24)

.const     0    000020e8    00000230     
                  000020e8    00000120     driverlib.lib : sysctl.obj (.const:g_pppui32XTALtoVCO)
                  00002208    0000006c                   : sysctl.obj (.const:g_pui32Xtals)
                  00002274    00000004     --HOLE-- [fill = 0]
                  00002278    00000038     rtsv7M4_T_le_v4SPD16_eabi.lib : xlog.obj (.const:p)
                  000022b0    00000030     driverlib.lib : sysctl.obj (.const:g_sXTALtoMEMTIM)
                  000022e0    0000001c     uartstdio.obj (.const)
                  000022fc    00000012     uartstdio.obj (.const:.string)
                  0000230e    00000002     --HOLE-- [fill = 0]
                  00002310    00000008     driverlib.lib : sysctl.obj (.const)

.cinit     0    00002318    00000098     
                  00002318    0000006f     (.cinit..data.load) [load image, compression = rle]
                  00002387    00000001     --HOLE-- [fill = 0]
                  00002388    0000000c     (__TI_handler_table)
                  00002394    00000004     --HOLE-- [fill = 0]
                  00002398    00000008     (.cinit..bss.load) [load image, compression = zero_init]
                  000023a0    00000010     (__TI_cinit_table)

.data      0    20000000    000001cc     UNINITIALIZED
                  20000000    000000b0     rtsv7M4_T_le_v4SPD16_eabi.lib : signal.obj (.data:sigtable)
                  200000b0    00000080                                   : xvalues.obj (.data)
                  20000130    00000068                                   : xfvalues.obj (.data)
                  20000198    0000000c     timers.obj (.data)
                  200001a4    00000008     rtsv7M4_T_le_v4SPD16_eabi.lib : _lock.obj (.data)
                  200001ac    00000008                                   : exit.obj (.data)
                  200001b4    00000008                                   : feraiseexcept.obj (.data)
                  200001bc    00000005     uartstdio.obj (.data)
                  200001c1    00000003     --HOLE--
                  200001c4    00000004     rtsv7M4_T_le_v4SPD16_eabi.lib : errno.obj (.data)
                  200001c8    00000004                                   : stkdepth_vars.obj (.data)

.bss       0    200001cc    00000104     UNINITIALIZED
                  200001cc    000000c8     timers.obj (.bss:g_temp_data)
                  20000294    00000004     (.common:RTC_Days)
                  20000298    00000004     (.common:RTC_Hours)
                  2000029c    00000004     (.common:RTC_Minutes)
                  200002a0    00000004     (.common:RTC_Seconds)
                  200002a4    00000004     (.common:TimerACount)
                  200002a8    00000004     (.common:TimerBCount)
                  200002ac    00000004     (.common:TimerCCount)
                  200002b0    00000004     (.common:TimerDCount)
                  200002b4    00000004     (.common:adc_value)
                  200002b8    00000004     (.common:g_light_index)
                  200002bc    00000004     (.common:g_prox_index)
                  200002c0    00000004     (.common:g_temp_index)
                  200002c4    00000004     (.common:g_ui32InterruptFlags)
                  200002c8    00000004     (.common:g_ui32PrintFlags)
                  200002cc    00000004     (.common:g_ui32SysClock)

.stack     0    200002d0    00000100     UNINITIALIZED
                  200002d0    00000100     --HOLE--


LINKER GENERATED COPY TABLES

__TI_cinit_table @ 000023a0 records: 2, size/record: 8, table size: 16
	.data: load addr=00002318, load size=0000006f bytes, run addr=20000000, run size=000001cc bytes, compression=rle
	.bss: load addr=00002398, load size=00000008 bytes, run addr=200001cc, run size=00000104 bytes, compression=zero_init


LINKER GENERATED HANDLER TABLE

__TI_handler_table @ 00002388 records: 3, size/record: 4, table size: 12
	index: 0, handler: __TI_decompress_rle24
	index: 1, handler: __TI_decompress_none
	index: 2, handler: __TI_zero_init


GLOBAL SYMBOLS: SORTED ALPHABETICALLY BY Name 

address    name
--------   ----
2000019c   B
00001e39   C$$EXIT
00001be1   ConfigureUART
20000198   DENOMINATOR
20000294   RTC_Days
20000298   RTC_Hours
2000029c   RTC_Minutes
200002a0   RTC_Seconds
000020dd   ResetISR
UNDEFED    SHT$$INIT_ARRAY$$Base
UNDEFED    SHT$$INIT_ARRAY$$Limit
00000931   SysCtlClockFreqSet
0000189d   Timer0IntHandler
00001a3d   Timer1IntHandler
00001c3d   Timer2IntHandler
00001db1   Timer3IntHandler
200002a4   TimerACount
200002a8   TimerBCount
200002ac   TimerCCount
200002b0   TimerDCount
00000201   UARTSendData
00001b21   UARTStdioConfig
0000205d   UARTprintf
00000d1d   UARTvprintf
00001cd9   UARTwrite
200001a0   VIN
200000b0   _Denorm
000016a9   _Dnorm
0000149d   _Dscale
00001abd   _Dunscale
200000c0   _Eps
200001c4   _Errno
20000130   _FDenorm
20000140   _FEps
20000150   _FInf
20000160   _FNan
20000180   _FRteps
20000170   _FSnan
20000190   _FXbig
20000194   _FZero
200001b4   _Fenv
00001f6d   _Feraise
200000d0   _Hugeval
200000e0   _Inf
00000645   _Log
200000f0   _Nan
20000110   _Rteps
20000100   _Snan
200001b8   _Tls_setup__Fenv
20000120   _Xbig
20000128   _Zero
200003d0   __STACK_END
00000100   __STACK_SIZE
200003d0   __STACK_TOP
000023a0   __TI_CINIT_Base
000023b0   __TI_CINIT_Limit
00002388   __TI_Handler_Table_Base
00002394   __TI_Handler_Table_Limit
00000001   __TI_args_main
00001809   __TI_auto_init
200001ac   __TI_cleanup_ptr
000020cf   __TI_decompress_none
000020e3   __TI_decompress_rle24
200001b0   __TI_dtors_ptr
00000000   __TI_static_base__
000020bd   __TI_zero_init
000019b5   __aeabi_cdcmpeq
000019b5   __aeabi_cdcmple
00001c8d   __aeabi_d2f
00000f11   __aeabi_dadd
00001365   __aeabi_ddiv
000015ad   __aeabi_dmul
00000f07   __aeabi_dsub
00001f01   __aeabi_f2d
00001f9d   __aeabi_i2d
0000176d   __aeabi_memcpy
0000176d   __aeabi_memcpy4
0000176d   __aeabi_memcpy8
00001e7d   __aeabi_uidivmod
ffffffff   __binit__
ffffffff   __c_args__
200002d0   __stack
00002091   _args_main
00001d69   _c_int00
200001a4   _lock
000020b7   _nop
000020af   _register_lock
000020a9   _register_unlock
200001a8   _unlock
00001e3d   abort
200002b4   adc_value
ffffffff   binit
00001ff9   calcLight
0000201d   calcProx
000010bd   calcTemp
00001929   configureADC
00001df5   copy_in
00001e45   exit
00001f39   feraiseexcept
200002b8   g_light_index
00000000   g_pfnVectors
200002bc   g_prox_index
200001cc   g_temp_data
200002c0   g_temp_index
200002c4   g_ui32InterruptFlags
200002c8   g_ui32PrintFlags
200002cc   g_ui32SysClock
00002077   log
00000b2d   main
200001c8   main_func_sp
0000176d   memcpy
00001fcb   raise
00001ec1   signal
0000121d   sqrt


GLOBAL SYMBOLS: SORTED BY Symbol Address 

address    name
--------   ----
00000000   __TI_static_base__
00000000   g_pfnVectors
00000001   __TI_args_main
00000100   __STACK_SIZE
00000201   UARTSendData
00000645   _Log
00000931   SysCtlClockFreqSet
00000b2d   main
00000d1d   UARTvprintf
00000f07   __aeabi_dsub
00000f11   __aeabi_dadd
000010bd   calcTemp
0000121d   sqrt
00001365   __aeabi_ddiv
0000149d   _Dscale
000015ad   __aeabi_dmul
000016a9   _Dnorm
0000176d   __aeabi_memcpy
0000176d   __aeabi_memcpy4
0000176d   __aeabi_memcpy8
0000176d   memcpy
00001809   __TI_auto_init
0000189d   Timer0IntHandler
00001929   configureADC
000019b5   __aeabi_cdcmpeq
000019b5   __aeabi_cdcmple
00001a3d   Timer1IntHandler
00001abd   _Dunscale
00001b21   UARTStdioConfig
00001be1   ConfigureUART
00001c3d   Timer2IntHandler
00001c8d   __aeabi_d2f
00001cd9   UARTwrite
00001d69   _c_int00
00001db1   Timer3IntHandler
00001df5   copy_in
00001e39   C$$EXIT
00001e3d   abort
00001e45   exit
00001e7d   __aeabi_uidivmod
00001ec1   signal
00001f01   __aeabi_f2d
00001f39   feraiseexcept
00001f6d   _Feraise
00001f9d   __aeabi_i2d
00001fcb   raise
00001ff9   calcLight
0000201d   calcProx
0000205d   UARTprintf
00002077   log
00002091   _args_main
000020a9   _register_unlock
000020af   _register_lock
000020b7   _nop
000020bd   __TI_zero_init
000020cf   __TI_decompress_none
000020dd   ResetISR
000020e3   __TI_decompress_rle24
00002388   __TI_Handler_Table_Base
00002394   __TI_Handler_Table_Limit
000023a0   __TI_CINIT_Base
000023b0   __TI_CINIT_Limit
200000b0   _Denorm
200000c0   _Eps
200000d0   _Hugeval
200000e0   _Inf
200000f0   _Nan
20000100   _Snan
20000110   _Rteps
20000120   _Xbig
20000128   _Zero
20000130   _FDenorm
20000140   _FEps
20000150   _FInf
20000160   _FNan
20000170   _FSnan
20000180   _FRteps
20000190   _FXbig
20000194   _FZero
20000198   DENOMINATOR
2000019c   B
200001a0   VIN
200001a4   _lock
200001a8   _unlock
200001ac   __TI_cleanup_ptr
200001b0   __TI_dtors_ptr
200001b4   _Fenv
200001b8   _Tls_setup__Fenv
200001c4   _Errno
200001c8   main_func_sp
200001cc   g_temp_data
20000294   RTC_Days
20000298   RTC_Hours
2000029c   RTC_Minutes
200002a0   RTC_Seconds
200002a4   TimerACount
200002a8   TimerBCount
200002ac   TimerCCount
200002b0   TimerDCount
200002b4   adc_value
200002b8   g_light_index
200002bc   g_prox_index
200002c0   g_temp_index
200002c4   g_ui32InterruptFlags
200002c8   g_ui32PrintFlags
200002cc   g_ui32SysClock
200002d0   __stack
200003d0   __STACK_END
200003d0   __STACK_TOP
ffffffff   __binit__
ffffffff   __c_args__
ffffffff   binit
UNDEFED    SHT$$INIT_ARRAY$$Base
UNDEFED    SHT$$INIT_ARRAY$$Limit

[114 symbols]
