******************************************************************************
                  TI ARM Linker PC v5.1.8                      
******************************************************************************
>> Linked Tue Dec 02 11:10:42 2014

OUTPUT FILE NAME:   <Final Project.out>
ENTRY POINT SYMBOL: "_c_int00"  address: 000025d9


MEMORY CONFIGURATION

         name            origin    length      used     unused   attr    fill
----------------------  --------  ---------  --------  --------  ----  --------
  FLASH                 00000000   00100000  00002bbc  000fd444  R  X
  SRAM                  20000000   00040000  000005b8  0003fa48  RW X


SEGMENT ALLOCATION MAP

run origin  load origin   length   init length attrs members
----------  ----------- ---------- ----------- ----- -------
00000000    00000000    00002bc0   00002bc0    r-x
  00000000    00000000    00000200   00000200    r-- .intvecs
  00000200    00000200    000026f4   000026f4    r-x .text
  000028f8    000028f8    00000230   00000230    r-- .const
  00002b28    00002b28    00000098   00000098    r-- .cinit
20000000    20000000    000005bc   00000000    rw-
  20000000    20000000    000002ec   00000000    rw- .bss
  200002f0    200002f0    000001cc   00000000    rw- .data
  200004bc    200004bc    00000100   00000000    rw- .stack


SECTION ALLOCATION MAP

 output                                  attributes/
section   page    origin      length       input sections
--------  ----  ----------  ----------   ----------------
.intvecs   0    00000000    00000200     
                  00000000    00000200     startup_ccs.obj (.intvecs)

.init_array 
*          0    00000000    00000000     UNINITIALIZED

.text      0    00000200    000026f4     
                  00000200    00000570     timers.obj (.text:UARTSendData)
                  00000770    00000350     seven_segment_driver.obj (.text:displayDigit)
                  00000ac0    000002ec     rtsv7M4_T_le_v4SPD16_eabi.lib : xlog.obj (.text)
                  00000dac    00000290     timers.obj (.text:main)
                  0000103c    000001fc     driverlib.lib : sysctl.obj (.text:SysCtlClockFreqSet)
                  00001238    000001ea     uartstdio.obj (.text:UARTvprintf)
                  00001422    000001b6     rtsv7M4_T_le_v4SPD16_eabi.lib : fd_add_t2.obj (.text)
                  000015d8    00000160     timers.obj (.text:calcTemp)
                  00001738    00000148     rtsv7M4_T_le_v4SPD16_eabi.lib : sqrt.obj (.text)
                  00001880    00000136                                   : fd_div_t2.obj (.text)
                  000019b6    00000002     startup_ccs.obj (.text:FaultISR)
                  000019b8    00000110     rtsv7M4_T_le_v4SPD16_eabi.lib : xdscale.obj (.text)
                  00001ac8    000000fc                                   : fd_mul_t2.obj (.text)
                  00001bc4    000000f4     timers.obj (.text:Timer2IntHandler)
                  00001cb8    000000f0     seven_segment_driver.obj (.text:sevenSegSetup)
                  00001da8    000000c4     rtsv7M4_T_le_v4SPD16_eabi.lib : xdnorm.obj (.text)
                  00001e6c    0000009c                                   : memcpy_t2.obj (.text)
                  00001f08    00000094                                   : auto_init.obj (.text)
                  00001f9c    00000090     timers.obj (.text:calcProx)
                  0000202c    0000008c     timers.obj (.text:configureADC)
                  000020b8    00000086     rtsv7M4_T_le_v4SPD16_eabi.lib : fd_cmp_t2.obj (.text:__aeabi_cdcmple)
                  0000213e    00000002     startup_ccs.obj (.text:IntDefaultHandler)
                  00002140    00000080     timers.obj (.text:Timer1IntHandler)
                  000021c0    0000007c     timers.obj (.text:Timer0IntHandler)
                  0000223c    0000007c     timers.obj (.text:calcLight)
                  000022b8    00000078     timers.obj (.text:Timer3IntHandler)
                  00002330    00000064     rtsv7M4_T_le_v4SPD16_eabi.lib : xdunscal.obj (.text)
                  00002394    00000060     uartstdio.obj (.text:UARTStdioConfig)
                  000023f4    0000005e     rtsv7M4_T_le_v4SPD16_eabi.lib : copy_decompress_rle.obj (.text)
                  00002452    00000002     startup_ccs.obj (.text:NmiSR)
                  00002454    0000005c     timers.obj (.text:ConfigureUART)
                  000024b0    0000004c     timers.obj (.text:ConfigureDistancePulseTimer)
                  000024fc    0000004a     rtsv7M4_T_le_v4SPD16_eabi.lib : fd_tos_t2.obj (.text)
                  00002546    00000002     --HOLE-- [fill = 0]
                  00002548    00000048     uartstdio.obj (.text:UARTwrite)
                  00002590    00000048     driverlib.lib : sysctl.obj (.text:_SysCtlFrequencyGet)
                  000025d8    00000048     rtsv7M4_T_le_v4SPD16_eabi.lib : boot.obj (.text)
                  00002620    00000044                                   : cpy_tbl.obj (.text)
                  00002664    00000044                                   : exit.obj (.text)
                  000026a8    00000042                                   : u_divt2.obj (.text)
                  000026ea    00000002     --HOLE-- [fill = 0]
                  000026ec    00000040                                   : signal.obj (.text)
                  0000272c    00000038                                   : fs_tod_t2.obj (.text)
                  00002764    00000034                                   : feraiseexcept.obj (.text)
                  00002798    00000030                                   : xferaise.obj (.text)
                  000027c8    0000002e                                   : i_tofd_t2.obj (.text)
                  000027f6    0000002e                                   : raise.obj (.text)
                  00002824    00000028     timers.obj (.text:delayFiveMicroseconds)
                  0000284c    0000001c     driverlib.lib : sysctl.obj (.text:_SysCtlMemTimingGet)
                  00002868    0000001a     uartstdio.obj (.text:UARTprintf)
                  00002882    0000001a     rtsv7M4_T_le_v4SPD16_eabi.lib : log.obj (.text)
                  0000289c    00000018                                   : args_main.obj (.text)
                  000028b4    00000014                                   : _lock.obj (.text)
                  000028c8    00000012                                   : copy_zero_init.obj (.text:decompress:ZI)
                  000028da    0000000e                                   : copy_decompress_none.obj (.text:decompress:none)
                  000028e8    00000006     startup_ccs.obj (.text:ResetISR)
                  000028ee    00000006     rtsv7M4_T_le_v4SPD16_eabi.lib : copy_decompress_rle.obj (.text:decompress:rle24)

.const     0    000028f8    00000230     
                  000028f8    00000120     driverlib.lib : sysctl.obj (.const:g_pppui32XTALtoVCO)
                  00002a18    0000006c                   : sysctl.obj (.const:g_pui32Xtals)
                  00002a84    00000004     --HOLE-- [fill = 0]
                  00002a88    00000038     rtsv7M4_T_le_v4SPD16_eabi.lib : xlog.obj (.const:p)
                  00002ac0    00000030     driverlib.lib : sysctl.obj (.const:g_sXTALtoMEMTIM)
                  00002af0    0000001c     uartstdio.obj (.const)
                  00002b0c    00000012     uartstdio.obj (.const:.string)
                  00002b1e    00000002     --HOLE-- [fill = 0]
                  00002b20    00000008     driverlib.lib : sysctl.obj (.const)

.cinit     0    00002b28    00000098     
                  00002b28    0000006f     (.cinit..data.load) [load image, compression = rle]
                  00002b97    00000001     --HOLE-- [fill = 0]
                  00002b98    0000000c     (__TI_handler_table)
                  00002ba4    00000004     --HOLE-- [fill = 0]
                  00002ba8    00000008     (.cinit..bss.load) [load image, compression = zero_init]
                  00002bb0    00000010     (__TI_cinit_table)

.bss       0    20000000    000002ec     UNINITIALIZED
                  20000000    00000190     timers.obj (.bss:g_light_data)
                  20000190    000000c8     timers.obj (.bss:g_temp_data)
                  20000258    00000050     timers.obj (.bss:g_prox_data)
                  200002a8    00000004     (.common:RTC_Days)
                  200002ac    00000004     (.common:RTC_Hours)
                  200002b0    00000004     (.common:RTC_Minutes)
                  200002b4    00000004     (.common:RTC_Seconds)
                  200002b8    00000004     (.common:Timer)
                  200002bc    00000004     (.common:TimerACount)
                  200002c0    00000004     (.common:TimerBCount)
                  200002c4    00000004     (.common:TimerCCount)
                  200002c8    00000004     (.common:TimerDCount)
                  200002cc    00000004     (.common:adc_value)
                  200002d0    00000004     (.common:g_light_index)
                  200002d4    00000004     (.common:g_prox_index)
                  200002d8    00000004     (.common:g_temp_index)
                  200002dc    00000004     (.common:g_ui32InterruptFlags)
                  200002e0    00000004     (.common:g_ui32PrintFlags)
                  200002e4    00000004     (.common:g_ui32PulseLengthTicks)
                  200002e8    00000004     (.common:g_ui32SysClock)

.data      0    200002f0    000001cc     UNINITIALIZED
                  200002f0    000000b0     rtsv7M4_T_le_v4SPD16_eabi.lib : signal.obj (.data:sigtable)
                  200003a0    00000080                                   : xvalues.obj (.data)
                  20000420    00000068                                   : xfvalues.obj (.data)
                  20000488    0000000c     timers.obj (.data)
                  20000494    00000008     rtsv7M4_T_le_v4SPD16_eabi.lib : _lock.obj (.data)
                  2000049c    00000008                                   : exit.obj (.data)
                  200004a4    00000008                                   : feraiseexcept.obj (.data)
                  200004ac    00000005     uartstdio.obj (.data)
                  200004b1    00000003     --HOLE--
                  200004b4    00000004     rtsv7M4_T_le_v4SPD16_eabi.lib : errno.obj (.data)
                  200004b8    00000004                                   : stkdepth_vars.obj (.data)

.stack     0    200004bc    00000100     UNINITIALIZED
                  200004bc    00000100     --HOLE--


LINKER GENERATED COPY TABLES

__TI_cinit_table @ 00002bb0 records: 2, size/record: 8, table size: 16
	.data: load addr=00002b28, load size=0000006f bytes, run addr=200002f0, run size=000001cc bytes, compression=rle
	.bss: load addr=00002ba8, load size=00000008 bytes, run addr=20000000, run size=000002ec bytes, compression=zero_init


LINKER GENERATED HANDLER TABLE

__TI_handler_table @ 00002b98 records: 3, size/record: 4, table size: 12
	index: 0, handler: __TI_decompress_rle24
	index: 1, handler: __TI_decompress_none
	index: 2, handler: __TI_zero_init


GLOBAL SYMBOLS: SORTED ALPHABETICALLY BY Name 

address    name
--------   ----
2000048c   B
00002665   C$$EXIT
000024b1   ConfigureDistancePulseTimer
00002455   ConfigureUART
20000488   DENOMINATOR
200002a8   RTC_Days
200002ac   RTC_Hours
200002b0   RTC_Minutes
200002b4   RTC_Seconds
000028e9   ResetISR
UNDEFED    SHT$$INIT_ARRAY$$Base
UNDEFED    SHT$$INIT_ARRAY$$Limit
0000103d   SysCtlClockFreqSet
200002b8   Timer
000021c1   Timer0IntHandler
00002141   Timer1IntHandler
00001bc5   Timer2IntHandler
000022b9   Timer3IntHandler
200002bc   TimerACount
200002c0   TimerBCount
200002c4   TimerCCount
200002c8   TimerDCount
00000201   UARTSendData
00002395   UARTStdioConfig
00002869   UARTprintf
00001239   UARTvprintf
00002549   UARTwrite
20000490   VIN
200003a0   _Denorm
00001da9   _Dnorm
000019b9   _Dscale
00002331   _Dunscale
200003b0   _Eps
200004b4   _Errno
20000420   _FDenorm
20000430   _FEps
20000440   _FInf
20000450   _FNan
20000470   _FRteps
20000460   _FSnan
20000480   _FXbig
20000484   _FZero
200004a4   _Fenv
00002799   _Feraise
200003c0   _Hugeval
200003d0   _Inf
00000ac1   _Log
200003e0   _Nan
20000400   _Rteps
200003f0   _Snan
200004a8   _Tls_setup__Fenv
20000410   _Xbig
20000418   _Zero
200005bc   __STACK_END
00000100   __STACK_SIZE
200005bc   __STACK_TOP
00002bb0   __TI_CINIT_Base
00002bc0   __TI_CINIT_Limit
00002b98   __TI_Handler_Table_Base
00002ba4   __TI_Handler_Table_Limit
00000001   __TI_args_main
00001f09   __TI_auto_init
2000049c   __TI_cleanup_ptr
000028db   __TI_decompress_none
000028ef   __TI_decompress_rle24
200004a0   __TI_dtors_ptr
00000000   __TI_static_base__
000028c9   __TI_zero_init
000020b9   __aeabi_cdcmpeq
000020b9   __aeabi_cdcmple
000024fd   __aeabi_d2f
0000142d   __aeabi_dadd
00001881   __aeabi_ddiv
00001ac9   __aeabi_dmul
00001423   __aeabi_dsub
0000272d   __aeabi_f2d
000027c9   __aeabi_i2d
00001e6d   __aeabi_memcpy
00001e6d   __aeabi_memcpy4
00001e6d   __aeabi_memcpy8
000026a9   __aeabi_uidivmod
ffffffff   __binit__
ffffffff   __c_args__
200004bc   __stack
0000289d   _args_main
000025d9   _c_int00
20000494   _lock
000028c3   _nop
000028bb   _register_lock
000028b5   _register_unlock
20000498   _unlock
00002669   abort
200002cc   adc_value
ffffffff   binit
0000223d   calcLight
00001f9d   calcProx
000015d9   calcTemp
0000202d   configureADC
00002621   copy_in
00002825   delayFiveMicroseconds
00000771   displayDigit
00002671   exit
00002765   feraiseexcept
20000000   g_light_data
200002d0   g_light_index
00000000   g_pfnVectors
20000258   g_prox_data
200002d4   g_prox_index
20000190   g_temp_data
200002d8   g_temp_index
200002dc   g_ui32InterruptFlags
200002e0   g_ui32PrintFlags
200002e4   g_ui32PulseLengthTicks
200002e8   g_ui32SysClock
00002883   log
00000dad   main
200004b8   main_func_sp
00001e6d   memcpy
000027f7   raise
00001cb9   sevenSegSetup
000026ed   signal
00001739   sqrt


GLOBAL SYMBOLS: SORTED BY Symbol Address 

address    name
--------   ----
00000000   __TI_static_base__
00000000   g_pfnVectors
00000001   __TI_args_main
00000100   __STACK_SIZE
00000201   UARTSendData
00000771   displayDigit
00000ac1   _Log
00000dad   main
0000103d   SysCtlClockFreqSet
00001239   UARTvprintf
00001423   __aeabi_dsub
0000142d   __aeabi_dadd
000015d9   calcTemp
00001739   sqrt
00001881   __aeabi_ddiv
000019b9   _Dscale
00001ac9   __aeabi_dmul
00001bc5   Timer2IntHandler
00001cb9   sevenSegSetup
00001da9   _Dnorm
00001e6d   __aeabi_memcpy
00001e6d   __aeabi_memcpy4
00001e6d   __aeabi_memcpy8
00001e6d   memcpy
00001f09   __TI_auto_init
00001f9d   calcProx
0000202d   configureADC
000020b9   __aeabi_cdcmpeq
000020b9   __aeabi_cdcmple
00002141   Timer1IntHandler
000021c1   Timer0IntHandler
0000223d   calcLight
000022b9   Timer3IntHandler
00002331   _Dunscale
00002395   UARTStdioConfig
00002455   ConfigureUART
000024b1   ConfigureDistancePulseTimer
000024fd   __aeabi_d2f
00002549   UARTwrite
000025d9   _c_int00
00002621   copy_in
00002665   C$$EXIT
00002669   abort
00002671   exit
000026a9   __aeabi_uidivmod
000026ed   signal
0000272d   __aeabi_f2d
00002765   feraiseexcept
00002799   _Feraise
000027c9   __aeabi_i2d
000027f7   raise
00002825   delayFiveMicroseconds
00002869   UARTprintf
00002883   log
0000289d   _args_main
000028b5   _register_unlock
000028bb   _register_lock
000028c3   _nop
000028c9   __TI_zero_init
000028db   __TI_decompress_none
000028e9   ResetISR
000028ef   __TI_decompress_rle24
00002b98   __TI_Handler_Table_Base
00002ba4   __TI_Handler_Table_Limit
00002bb0   __TI_CINIT_Base
00002bc0   __TI_CINIT_Limit
20000000   g_light_data
20000190   g_temp_data
20000258   g_prox_data
200002a8   RTC_Days
200002ac   RTC_Hours
200002b0   RTC_Minutes
200002b4   RTC_Seconds
200002b8   Timer
200002bc   TimerACount
200002c0   TimerBCount
200002c4   TimerCCount
200002c8   TimerDCount
200002cc   adc_value
200002d0   g_light_index
200002d4   g_prox_index
200002d8   g_temp_index
200002dc   g_ui32InterruptFlags
200002e0   g_ui32PrintFlags
200002e4   g_ui32PulseLengthTicks
200002e8   g_ui32SysClock
200003a0   _Denorm
200003b0   _Eps
200003c0   _Hugeval
200003d0   _Inf
200003e0   _Nan
200003f0   _Snan
20000400   _Rteps
20000410   _Xbig
20000418   _Zero
20000420   _FDenorm
20000430   _FEps
20000440   _FInf
20000450   _FNan
20000460   _FSnan
20000470   _FRteps
20000480   _FXbig
20000484   _FZero
20000488   DENOMINATOR
2000048c   B
20000490   VIN
20000494   _lock
20000498   _unlock
2000049c   __TI_cleanup_ptr
200004a0   __TI_dtors_ptr
200004a4   _Fenv
200004a8   _Tls_setup__Fenv
200004b4   _Errno
200004b8   main_func_sp
200004bc   __stack
200005bc   __STACK_END
200005bc   __STACK_TOP
ffffffff   __binit__
ffffffff   __c_args__
ffffffff   binit
UNDEFED    SHT$$INIT_ARRAY$$Base
UNDEFED    SHT$$INIT_ARRAY$$Limit

[122 symbols]
