******************************************************************************
                  TI ARM Linker PC v5.1.8                      
******************************************************************************
>> Linked Wed Nov 26 14:59:01 2014

OUTPUT FILE NAME:   <Final Project.out>
ENTRY POINT SYMBOL: "_c_int00"  address: 00001fe5


MEMORY CONFIGURATION

         name            origin    length      used     unused   attr    fill
----------------------  --------  ---------  --------  --------  ----  --------
  FLASH                 00000000   00100000  00002630  000fd9d0  R  X
  SRAM                  20000000   00040000  00000424  0003fbdc  RW X


SEGMENT ALLOCATION MAP

run origin  load origin   length   init length attrs members
----------  ----------- ---------- ----------- ----- -------
00000000    00000000    00002630   00002630    r-x
  00000000    00000000    00000200   00000200    r-- .intvecs
  00000200    00000200    00002168   00002168    r-x .text
  00002368    00002368    00000230   00000230    r-- .const
  00002598    00002598    00000098   00000098    r-- .cinit
20000000    20000000    00000424   00000000    rw-
  20000000    20000000    000001cc   00000000    rw- .data
  200001cc    200001cc    00000158   00000000    rw- .bss
  20000324    20000324    00000100   00000000    rw- .stack


SECTION ALLOCATION MAP

 output                                  attributes/
section   page    origin      length       input sections
--------  ----  ----------  ----------   ----------------
.intvecs   0    00000000    00000200     
                  00000000    00000200     startup_ccs.obj (.intvecs)

.init_array 
*          0    00000000    00000000     UNINITIALIZED

.text      0    00000200    00002168     
                  00000200    00000544     timers.obj (.text:UARTSendData)
                  00000744    000002ec     rtsv7M4_T_le_v4SPD16_eabi.lib : xlog.obj (.text)
                  00000a30    00000210     timers.obj (.text:main)
                  00000c40    000001fc     driverlib.lib : sysctl.obj (.text:SysCtlClockFreqSet)
                  00000e3c    000001ea     uartstdio.obj (.text:UARTvprintf)
                  00001026    000001b6     rtsv7M4_T_le_v4SPD16_eabi.lib : fd_add_t2.obj (.text)
                  000011dc    00000160     timers.obj (.text:calcTemp)
                  0000133c    00000148     rtsv7M4_T_le_v4SPD16_eabi.lib : sqrt.obj (.text)
                  00001484    00000136                                   : fd_div_t2.obj (.text)
                  000015ba    00000002     startup_ccs.obj (.text:FaultISR)
                  000015bc    00000110     rtsv7M4_T_le_v4SPD16_eabi.lib : xdscale.obj (.text)
                  000016cc    000000fc                                   : fd_mul_t2.obj (.text)
                  000017c8    000000f4     timers.obj (.text:Timer2IntHandler)
                  000018bc    000000c4     rtsv7M4_T_le_v4SPD16_eabi.lib : xdnorm.obj (.text)
                  00001980    0000009c                                   : memcpy_t2.obj (.text)
                  00001a1c    00000094                                   : auto_init.obj (.text)
                  00001ab0    0000008c     timers.obj (.text:configureADC)
                  00001b3c    00000086     rtsv7M4_T_le_v4SPD16_eabi.lib : fd_cmp_t2.obj (.text:__aeabi_cdcmple)
                  00001bc2    00000002     startup_ccs.obj (.text:IntDefaultHandler)
                  00001bc4    00000080     timers.obj (.text:Timer1IntHandler)
                  00001c44    0000007c     timers.obj (.text:Timer0IntHandler)
                  00001cc0    0000007c     timers.obj (.text:calcProx)
                  00001d3c    00000064     rtsv7M4_T_le_v4SPD16_eabi.lib : xdunscal.obj (.text)
                  00001da0    00000060     uartstdio.obj (.text:UARTStdioConfig)
                  00001e00    0000005e     rtsv7M4_T_le_v4SPD16_eabi.lib : copy_decompress_rle.obj (.text)
                  00001e5e    00000002     startup_ccs.obj (.text:NmiSR)
                  00001e60    0000005c     timers.obj (.text:ConfigureUART)
                  00001ebc    0000004c     timers.obj (.text:ConfigureDistancePulseTimer)
                  00001f08    0000004a     rtsv7M4_T_le_v4SPD16_eabi.lib : fd_tos_t2.obj (.text)
                  00001f52    00000002     --HOLE-- [fill = 0]
                  00001f54    00000048     uartstdio.obj (.text:UARTwrite)
                  00001f9c    00000048     driverlib.lib : sysctl.obj (.text:_SysCtlFrequencyGet)
                  00001fe4    00000048     rtsv7M4_T_le_v4SPD16_eabi.lib : boot.obj (.text)
                  0000202c    00000044     timers.obj (.text:Timer3IntHandler)
                  00002070    00000044     rtsv7M4_T_le_v4SPD16_eabi.lib : cpy_tbl.obj (.text)
                  000020b4    00000044                                   : exit.obj (.text)
                  000020f8    00000042                                   : u_divt2.obj (.text)
                  0000213a    00000002     --HOLE-- [fill = 0]
                  0000213c    00000040                                   : signal.obj (.text)
                  0000217c    00000038                                   : fs_tod_t2.obj (.text)
                  000021b4    00000034                                   : feraiseexcept.obj (.text)
                  000021e8    00000030                                   : xferaise.obj (.text)
                  00002218    0000002e                                   : i_tofd_t2.obj (.text)
                  00002246    0000002e                                   : raise.obj (.text)
                  00002274    00000028     timers.obj (.text:delayFiveMicroseconds)
                  0000229c    00000024     timers.obj (.text:calcLight)
                  000022c0    0000001c     driverlib.lib : sysctl.obj (.text:_SysCtlMemTimingGet)
                  000022dc    0000001a     uartstdio.obj (.text:UARTprintf)
                  000022f6    0000001a     rtsv7M4_T_le_v4SPD16_eabi.lib : log.obj (.text)
                  00002310    00000018                                   : args_main.obj (.text)
                  00002328    00000014                                   : _lock.obj (.text)
                  0000233c    00000012                                   : copy_zero_init.obj (.text:decompress:ZI)
                  0000234e    0000000e                                   : copy_decompress_none.obj (.text:decompress:none)
                  0000235c    00000006     startup_ccs.obj (.text:ResetISR)
                  00002362    00000006     rtsv7M4_T_le_v4SPD16_eabi.lib : copy_decompress_rle.obj (.text:decompress:rle24)

.const     0    00002368    00000230     
                  00002368    00000120     driverlib.lib : sysctl.obj (.const:g_pppui32XTALtoVCO)
                  00002488    0000006c                   : sysctl.obj (.const:g_pui32Xtals)
                  000024f4    00000004     --HOLE-- [fill = 0]
                  000024f8    00000038     rtsv7M4_T_le_v4SPD16_eabi.lib : xlog.obj (.const:p)
                  00002530    00000030     driverlib.lib : sysctl.obj (.const:g_sXTALtoMEMTIM)
                  00002560    0000001c     uartstdio.obj (.const)
                  0000257c    00000012     uartstdio.obj (.const:.string)
                  0000258e    00000002     --HOLE-- [fill = 0]
                  00002590    00000008     driverlib.lib : sysctl.obj (.const)

.cinit     0    00002598    00000098     
                  00002598    0000006f     (.cinit..data.load) [load image, compression = rle]
                  00002607    00000001     --HOLE-- [fill = 0]
                  00002608    0000000c     (__TI_handler_table)
                  00002614    00000004     --HOLE-- [fill = 0]
                  00002618    00000008     (.cinit..bss.load) [load image, compression = zero_init]
                  00002620    00000010     (__TI_cinit_table)

.data      0    20000000    000001cc     UNINITIALIZED
                  20000000    000000b0     rtsv7M4_T_le_v4SPD16_eabi.lib : signal.obj (.data:sigtable)
                  200000b0    00000080                                   : xvalues.obj (.data)
                  20000130    00000068                                   : xfvalues.obj (.data)
                  20000198    0000000c     timers.obj (.data)
                  200001a4    00000008     rtsv7M4_T_le_v4SPD16_eabi.lib : _lock.obj (.data)
                  200001ac    00000008                                   : exit.obj (.data)
                  200001b4    00000008                                   : feraiseexcept.obj (.data)
                  200001bc    00000005     uartstdio.obj (.data)
                  200001c1    00000003     --HOLE--
                  200001c4    00000004     rtsv7M4_T_le_v4SPD16_eabi.lib : errno.obj (.data)
                  200001c8    00000004                                   : stkdepth_vars.obj (.data)

.bss       0    200001cc    00000158     UNINITIALIZED
                  200001cc    000000c8     timers.obj (.bss:g_temp_data)
                  20000294    00000050     timers.obj (.bss:g_prox_data)
                  200002e4    00000004     (.common:RTC_Days)
                  200002e8    00000004     (.common:RTC_Hours)
                  200002ec    00000004     (.common:RTC_Minutes)
                  200002f0    00000004     (.common:RTC_Seconds)
                  200002f4    00000004     (.common:TimerACount)
                  200002f8    00000004     (.common:TimerBCount)
                  200002fc    00000004     (.common:TimerCCount)
                  20000300    00000004     (.common:TimerDCount)
                  20000304    00000004     (.common:adc_value)
                  20000308    00000004     (.common:g_light_index)
                  2000030c    00000004     (.common:g_prox_index)
                  20000310    00000004     (.common:g_temp_index)
                  20000314    00000004     (.common:g_ui32InterruptFlags)
                  20000318    00000004     (.common:g_ui32PrintFlags)
                  2000031c    00000004     (.common:g_ui32PulseLengthTicks)
                  20000320    00000004     (.common:g_ui32SysClock)

.stack     0    20000324    00000100     UNINITIALIZED
                  20000324    00000100     --HOLE--


LINKER GENERATED COPY TABLES

__TI_cinit_table @ 00002620 records: 2, size/record: 8, table size: 16
	.data: load addr=00002598, load size=0000006f bytes, run addr=20000000, run size=000001cc bytes, compression=rle
	.bss: load addr=00002618, load size=00000008 bytes, run addr=200001cc, run size=00000158 bytes, compression=zero_init


LINKER GENERATED HANDLER TABLE

__TI_handler_table @ 00002608 records: 3, size/record: 4, table size: 12
	index: 0, handler: __TI_decompress_rle24
	index: 1, handler: __TI_decompress_none
	index: 2, handler: __TI_zero_init


GLOBAL SYMBOLS: SORTED ALPHABETICALLY BY Name 

address    name
--------   ----
2000019c   B
000020b5   C$$EXIT
00001ebd   ConfigureDistancePulseTimer
00001e61   ConfigureUART
20000198   DENOMINATOR
200002e4   RTC_Days
200002e8   RTC_Hours
200002ec   RTC_Minutes
200002f0   RTC_Seconds
0000235d   ResetISR
UNDEFED    SHT$$INIT_ARRAY$$Base
UNDEFED    SHT$$INIT_ARRAY$$Limit
00000c41   SysCtlClockFreqSet
00001c45   Timer0IntHandler
00001bc5   Timer1IntHandler
000017c9   Timer2IntHandler
0000202d   Timer3IntHandler
200002f4   TimerACount
200002f8   TimerBCount
200002fc   TimerCCount
20000300   TimerDCount
00000201   UARTSendData
00001da1   UARTStdioConfig
000022dd   UARTprintf
00000e3d   UARTvprintf
00001f55   UARTwrite
200001a0   VIN
200000b0   _Denorm
000018bd   _Dnorm
000015bd   _Dscale
00001d3d   _Dunscale
200000c0   _Eps
200001c4   _Errno
20000130   _FDenorm
20000140   _FEps
20000150   _FInf
20000160   _FNan
20000180   _FRteps
20000170   _FSnan
20000190   _FXbig
20000194   _FZero
200001b4   _Fenv
000021e9   _Feraise
200000d0   _Hugeval
200000e0   _Inf
00000745   _Log
200000f0   _Nan
20000110   _Rteps
20000100   _Snan
200001b8   _Tls_setup__Fenv
20000120   _Xbig
20000128   _Zero
20000424   __STACK_END
00000100   __STACK_SIZE
20000424   __STACK_TOP
00002620   __TI_CINIT_Base
00002630   __TI_CINIT_Limit
00002608   __TI_Handler_Table_Base
00002614   __TI_Handler_Table_Limit
00000001   __TI_args_main
00001a1d   __TI_auto_init
200001ac   __TI_cleanup_ptr
0000234f   __TI_decompress_none
00002363   __TI_decompress_rle24
200001b0   __TI_dtors_ptr
00000000   __TI_static_base__
0000233d   __TI_zero_init
00001b3d   __aeabi_cdcmpeq
00001b3d   __aeabi_cdcmple
00001f09   __aeabi_d2f
00001031   __aeabi_dadd
00001485   __aeabi_ddiv
000016cd   __aeabi_dmul
00001027   __aeabi_dsub
0000217d   __aeabi_f2d
00002219   __aeabi_i2d
00001981   __aeabi_memcpy
00001981   __aeabi_memcpy4
00001981   __aeabi_memcpy8
000020f9   __aeabi_uidivmod
ffffffff   __binit__
ffffffff   __c_args__
20000324   __stack
00002311   _args_main
00001fe5   _c_int00
200001a4   _lock
00002337   _nop
0000232f   _register_lock
00002329   _register_unlock
200001a8   _unlock
000020b9   abort
20000304   adc_value
ffffffff   binit
0000229d   calcLight
00001cc1   calcProx
000011dd   calcTemp
00001ab1   configureADC
00002071   copy_in
00002275   delayFiveMicroseconds
000020c1   exit
000021b5   feraiseexcept
20000308   g_light_index
00000000   g_pfnVectors
20000294   g_prox_data
2000030c   g_prox_index
200001cc   g_temp_data
20000310   g_temp_index
20000314   g_ui32InterruptFlags
20000318   g_ui32PrintFlags
2000031c   g_ui32PulseLengthTicks
20000320   g_ui32SysClock
000022f7   log
00000a31   main
200001c8   main_func_sp
00001981   memcpy
00002247   raise
0000213d   signal
0000133d   sqrt


GLOBAL SYMBOLS: SORTED BY Symbol Address 

address    name
--------   ----
00000000   __TI_static_base__
00000000   g_pfnVectors
00000001   __TI_args_main
00000100   __STACK_SIZE
00000201   UARTSendData
00000745   _Log
00000a31   main
00000c41   SysCtlClockFreqSet
00000e3d   UARTvprintf
00001027   __aeabi_dsub
00001031   __aeabi_dadd
000011dd   calcTemp
0000133d   sqrt
00001485   __aeabi_ddiv
000015bd   _Dscale
000016cd   __aeabi_dmul
000017c9   Timer2IntHandler
000018bd   _Dnorm
00001981   __aeabi_memcpy
00001981   __aeabi_memcpy4
00001981   __aeabi_memcpy8
00001981   memcpy
00001a1d   __TI_auto_init
00001ab1   configureADC
00001b3d   __aeabi_cdcmpeq
00001b3d   __aeabi_cdcmple
00001bc5   Timer1IntHandler
00001c45   Timer0IntHandler
00001cc1   calcProx
00001d3d   _Dunscale
00001da1   UARTStdioConfig
00001e61   ConfigureUART
00001ebd   ConfigureDistancePulseTimer
00001f09   __aeabi_d2f
00001f55   UARTwrite
00001fe5   _c_int00
0000202d   Timer3IntHandler
00002071   copy_in
000020b5   C$$EXIT
000020b9   abort
000020c1   exit
000020f9   __aeabi_uidivmod
0000213d   signal
0000217d   __aeabi_f2d
000021b5   feraiseexcept
000021e9   _Feraise
00002219   __aeabi_i2d
00002247   raise
00002275   delayFiveMicroseconds
0000229d   calcLight
000022dd   UARTprintf
000022f7   log
00002311   _args_main
00002329   _register_unlock
0000232f   _register_lock
00002337   _nop
0000233d   __TI_zero_init
0000234f   __TI_decompress_none
0000235d   ResetISR
00002363   __TI_decompress_rle24
00002608   __TI_Handler_Table_Base
00002614   __TI_Handler_Table_Limit
00002620   __TI_CINIT_Base
00002630   __TI_CINIT_Limit
200000b0   _Denorm
200000c0   _Eps
200000d0   _Hugeval
200000e0   _Inf
200000f0   _Nan
20000100   _Snan
20000110   _Rteps
20000120   _Xbig
20000128   _Zero
20000130   _FDenorm
20000140   _FEps
20000150   _FInf
20000160   _FNan
20000170   _FSnan
20000180   _FRteps
20000190   _FXbig
20000194   _FZero
20000198   DENOMINATOR
2000019c   B
200001a0   VIN
200001a4   _lock
200001a8   _unlock
200001ac   __TI_cleanup_ptr
200001b0   __TI_dtors_ptr
200001b4   _Fenv
200001b8   _Tls_setup__Fenv
200001c4   _Errno
200001c8   main_func_sp
200001cc   g_temp_data
20000294   g_prox_data
200002e4   RTC_Days
200002e8   RTC_Hours
200002ec   RTC_Minutes
200002f0   RTC_Seconds
200002f4   TimerACount
200002f8   TimerBCount
200002fc   TimerCCount
20000300   TimerDCount
20000304   adc_value
20000308   g_light_index
2000030c   g_prox_index
20000310   g_temp_index
20000314   g_ui32InterruptFlags
20000318   g_ui32PrintFlags
2000031c   g_ui32PulseLengthTicks
20000320   g_ui32SysClock
20000324   __stack
20000424   __STACK_END
20000424   __STACK_TOP
ffffffff   __binit__
ffffffff   __c_args__
ffffffff   binit
UNDEFED    SHT$$INIT_ARRAY$$Base
UNDEFED    SHT$$INIT_ARRAY$$Limit

[118 symbols]
