******************************************************************************
                  TI ARM Linker PC v5.1.8                      
******************************************************************************
>> Linked Tue Nov 25 18:16:53 2014

OUTPUT FILE NAME:   <Final Project.out>
ENTRY POINT SYMBOL: "_c_int00"  address: 00001eb5


MEMORY CONFIGURATION

         name            origin    length      used     unused   attr    fill
----------------------  --------  ---------  --------  --------  ----  --------
  FLASH                 00000000   00100000  00002500  000fdb00  R  X
  SRAM                  20000000   00040000  00000424  0003fbdc  RW X


SEGMENT ALLOCATION MAP

run origin  load origin   length   init length attrs members
----------  ----------- ---------- ----------- ----- -------
00000000    00000000    00002500   00002500    r-x
  00000000    00000000    00000200   00000200    r-- .intvecs
  00000200    00000200    00002038   00002038    r-x .text
  00002238    00002238    00000230   00000230    r-- .const
  00002468    00002468    00000098   00000098    r-- .cinit
20000000    20000000    00000424   00000000    rw-
  20000000    20000000    000001cc   00000000    rw- .data
  200001cc    200001cc    00000158   00000000    rw- .bss
  20000324    20000324    00000100   00000000    rw- .stack


SECTION ALLOCATION MAP

 output                                  attributes/
section   page    origin      length       input sections
--------  ----  ----------  ----------   ----------------
.intvecs   0    00000000    00000200     
                  00000000    00000200     startup_ccs.obj (.intvecs)

.init_array 
*          0    00000000    00000000     UNINITIALIZED

.text      0    00000200    00002038     
                  00000200    00000414     timers.obj (.text:UARTSendData)
                  00000614    000002ec     rtsv7M4_T_le_v4SPD16_eabi.lib : xlog.obj (.text)
                  00000900    00000210     timers.obj (.text:main)
                  00000b10    000001fc     driverlib.lib : sysctl.obj (.text:SysCtlClockFreqSet)
                  00000d0c    000001ea     uartstdio.obj (.text:UARTvprintf)
                  00000ef6    000001b6     rtsv7M4_T_le_v4SPD16_eabi.lib : fd_add_t2.obj (.text)
                  000010ac    00000160     timers.obj (.text:calcTemp)
                  0000120c    00000148     rtsv7M4_T_le_v4SPD16_eabi.lib : sqrt.obj (.text)
                  00001354    00000136                                   : fd_div_t2.obj (.text)
                  0000148a    00000002     startup_ccs.obj (.text:FaultISR)
                  0000148c    00000110     rtsv7M4_T_le_v4SPD16_eabi.lib : xdscale.obj (.text)
                  0000159c    000000fc                                   : fd_mul_t2.obj (.text)
                  00001698    000000f4     timers.obj (.text:Timer2IntHandler)
                  0000178c    000000c4     rtsv7M4_T_le_v4SPD16_eabi.lib : xdnorm.obj (.text)
                  00001850    0000009c                                   : memcpy_t2.obj (.text)
                  000018ec    00000094                                   : auto_init.obj (.text)
                  00001980    0000008c     timers.obj (.text:configureADC)
                  00001a0c    00000086     rtsv7M4_T_le_v4SPD16_eabi.lib : fd_cmp_t2.obj (.text:__aeabi_cdcmple)
                  00001a92    00000002     startup_ccs.obj (.text:IntDefaultHandler)
                  00001a94    00000080     timers.obj (.text:Timer1IntHandler)
                  00001b14    0000007c     timers.obj (.text:Timer0IntHandler)
                  00001b90    0000007c     timers.obj (.text:calcProx)
                  00001c0c    00000064     rtsv7M4_T_le_v4SPD16_eabi.lib : xdunscal.obj (.text)
                  00001c70    00000060     uartstdio.obj (.text:UARTStdioConfig)
                  00001cd0    0000005e     rtsv7M4_T_le_v4SPD16_eabi.lib : copy_decompress_rle.obj (.text)
                  00001d2e    00000002     startup_ccs.obj (.text:NmiSR)
                  00001d30    0000005c     timers.obj (.text:ConfigureUART)
                  00001d8c    0000004c     timers.obj (.text:ConfigureDistancePulseTimer)
                  00001dd8    0000004a     rtsv7M4_T_le_v4SPD16_eabi.lib : fd_tos_t2.obj (.text)
                  00001e22    00000002     --HOLE-- [fill = 0]
                  00001e24    00000048     uartstdio.obj (.text:UARTwrite)
                  00001e6c    00000048     driverlib.lib : sysctl.obj (.text:_SysCtlFrequencyGet)
                  00001eb4    00000048     rtsv7M4_T_le_v4SPD16_eabi.lib : boot.obj (.text)
                  00001efc    00000044     timers.obj (.text:Timer3IntHandler)
                  00001f40    00000044     rtsv7M4_T_le_v4SPD16_eabi.lib : cpy_tbl.obj (.text)
                  00001f84    00000044                                   : exit.obj (.text)
                  00001fc8    00000042                                   : u_divt2.obj (.text)
                  0000200a    00000002     --HOLE-- [fill = 0]
                  0000200c    00000040                                   : signal.obj (.text)
                  0000204c    00000038                                   : fs_tod_t2.obj (.text)
                  00002084    00000034                                   : feraiseexcept.obj (.text)
                  000020b8    00000030                                   : xferaise.obj (.text)
                  000020e8    0000002e                                   : i_tofd_t2.obj (.text)
                  00002116    0000002e                                   : raise.obj (.text)
                  00002144    00000028     timers.obj (.text:delayFiveMicroseconds)
                  0000216c    00000024     timers.obj (.text:calcLight)
                  00002190    0000001c     driverlib.lib : sysctl.obj (.text:_SysCtlMemTimingGet)
                  000021ac    0000001a     uartstdio.obj (.text:UARTprintf)
                  000021c6    0000001a     rtsv7M4_T_le_v4SPD16_eabi.lib : log.obj (.text)
                  000021e0    00000018                                   : args_main.obj (.text)
                  000021f8    00000014                                   : _lock.obj (.text)
                  0000220c    00000012                                   : copy_zero_init.obj (.text:decompress:ZI)
                  0000221e    0000000e                                   : copy_decompress_none.obj (.text:decompress:none)
                  0000222c    00000006     startup_ccs.obj (.text:ResetISR)
                  00002232    00000006     rtsv7M4_T_le_v4SPD16_eabi.lib : copy_decompress_rle.obj (.text:decompress:rle24)

.const     0    00002238    00000230     
                  00002238    00000120     driverlib.lib : sysctl.obj (.const:g_pppui32XTALtoVCO)
                  00002358    0000006c                   : sysctl.obj (.const:g_pui32Xtals)
                  000023c4    00000004     --HOLE-- [fill = 0]
                  000023c8    00000038     rtsv7M4_T_le_v4SPD16_eabi.lib : xlog.obj (.const:p)
                  00002400    00000030     driverlib.lib : sysctl.obj (.const:g_sXTALtoMEMTIM)
                  00002430    0000001c     uartstdio.obj (.const)
                  0000244c    00000012     uartstdio.obj (.const:.string)
                  0000245e    00000002     --HOLE-- [fill = 0]
                  00002460    00000008     driverlib.lib : sysctl.obj (.const)

.cinit     0    00002468    00000098     
                  00002468    0000006f     (.cinit..data.load) [load image, compression = rle]
                  000024d7    00000001     --HOLE-- [fill = 0]
                  000024d8    0000000c     (__TI_handler_table)
                  000024e4    00000004     --HOLE-- [fill = 0]
                  000024e8    00000008     (.cinit..bss.load) [load image, compression = zero_init]
                  000024f0    00000010     (__TI_cinit_table)

.data      0    20000000    000001cc     UNINITIALIZED
                  20000000    000000b0     rtsv7M4_T_le_v4SPD16_eabi.lib : signal.obj (.data:sigtable)
                  200000b0    00000080                                   : xvalues.obj (.data)
                  20000130    00000068                                   : xfvalues.obj (.data)
                  20000198    0000000c     timers.obj (.data)
                  200001a4    00000008     rtsv7M4_T_le_v4SPD16_eabi.lib : _lock.obj (.data)
                  200001ac    00000008                                   : exit.obj (.data)
                  200001b4    00000008                                   : feraiseexcept.obj (.data)
                  200001bc    00000005     uartstdio.obj (.data)
                  200001c1    00000003     --HOLE--
                  200001c4    00000004     rtsv7M4_T_le_v4SPD16_eabi.lib : errno.obj (.data)
                  200001c8    00000004                                   : stkdepth_vars.obj (.data)

.bss       0    200001cc    00000158     UNINITIALIZED
                  200001cc    000000c8     timers.obj (.bss:g_temp_data)
                  20000294    00000050     timers.obj (.bss:g_prox_data)
                  200002e4    00000004     (.common:RTC_Days)
                  200002e8    00000004     (.common:RTC_Hours)
                  200002ec    00000004     (.common:RTC_Minutes)
                  200002f0    00000004     (.common:RTC_Seconds)
                  200002f4    00000004     (.common:TimerACount)
                  200002f8    00000004     (.common:TimerBCount)
                  200002fc    00000004     (.common:TimerCCount)
                  20000300    00000004     (.common:TimerDCount)
                  20000304    00000004     (.common:adc_value)
                  20000308    00000004     (.common:g_light_index)
                  2000030c    00000004     (.common:g_prox_index)
                  20000310    00000004     (.common:g_temp_index)
                  20000314    00000004     (.common:g_ui32InterruptFlags)
                  20000318    00000004     (.common:g_ui32PrintFlags)
                  2000031c    00000004     (.common:g_ui32PulseLengthTicks)
                  20000320    00000004     (.common:g_ui32SysClock)

.stack     0    20000324    00000100     UNINITIALIZED
                  20000324    00000100     --HOLE--


LINKER GENERATED COPY TABLES

__TI_cinit_table @ 000024f0 records: 2, size/record: 8, table size: 16
	.data: load addr=00002468, load size=0000006f bytes, run addr=20000000, run size=000001cc bytes, compression=rle
	.bss: load addr=000024e8, load size=00000008 bytes, run addr=200001cc, run size=00000158 bytes, compression=zero_init


LINKER GENERATED HANDLER TABLE

__TI_handler_table @ 000024d8 records: 3, size/record: 4, table size: 12
	index: 0, handler: __TI_decompress_rle24
	index: 1, handler: __TI_decompress_none
	index: 2, handler: __TI_zero_init


GLOBAL SYMBOLS: SORTED ALPHABETICALLY BY Name 

address    name
--------   ----
2000019c   B
00001f85   C$$EXIT
00001d8d   ConfigureDistancePulseTimer
00001d31   ConfigureUART
20000198   DENOMINATOR
200002e4   RTC_Days
200002e8   RTC_Hours
200002ec   RTC_Minutes
200002f0   RTC_Seconds
0000222d   ResetISR
UNDEFED    SHT$$INIT_ARRAY$$Base
UNDEFED    SHT$$INIT_ARRAY$$Limit
00000b11   SysCtlClockFreqSet
00001b15   Timer0IntHandler
00001a95   Timer1IntHandler
00001699   Timer2IntHandler
00001efd   Timer3IntHandler
200002f4   TimerACount
200002f8   TimerBCount
200002fc   TimerCCount
20000300   TimerDCount
00000201   UARTSendData
00001c71   UARTStdioConfig
000021ad   UARTprintf
00000d0d   UARTvprintf
00001e25   UARTwrite
200001a0   VIN
200000b0   _Denorm
0000178d   _Dnorm
0000148d   _Dscale
00001c0d   _Dunscale
200000c0   _Eps
200001c4   _Errno
20000130   _FDenorm
20000140   _FEps
20000150   _FInf
20000160   _FNan
20000180   _FRteps
20000170   _FSnan
20000190   _FXbig
20000194   _FZero
200001b4   _Fenv
000020b9   _Feraise
200000d0   _Hugeval
200000e0   _Inf
00000615   _Log
200000f0   _Nan
20000110   _Rteps
20000100   _Snan
200001b8   _Tls_setup__Fenv
20000120   _Xbig
20000128   _Zero
20000424   __STACK_END
00000100   __STACK_SIZE
20000424   __STACK_TOP
000024f0   __TI_CINIT_Base
00002500   __TI_CINIT_Limit
000024d8   __TI_Handler_Table_Base
000024e4   __TI_Handler_Table_Limit
00000001   __TI_args_main
000018ed   __TI_auto_init
200001ac   __TI_cleanup_ptr
0000221f   __TI_decompress_none
00002233   __TI_decompress_rle24
200001b0   __TI_dtors_ptr
00000000   __TI_static_base__
0000220d   __TI_zero_init
00001a0d   __aeabi_cdcmpeq
00001a0d   __aeabi_cdcmple
00001dd9   __aeabi_d2f
00000f01   __aeabi_dadd
00001355   __aeabi_ddiv
0000159d   __aeabi_dmul
00000ef7   __aeabi_dsub
0000204d   __aeabi_f2d
000020e9   __aeabi_i2d
00001851   __aeabi_memcpy
00001851   __aeabi_memcpy4
00001851   __aeabi_memcpy8
00001fc9   __aeabi_uidivmod
ffffffff   __binit__
ffffffff   __c_args__
20000324   __stack
000021e1   _args_main
00001eb5   _c_int00
200001a4   _lock
00002207   _nop
000021ff   _register_lock
000021f9   _register_unlock
200001a8   _unlock
00001f89   abort
20000304   adc_value
ffffffff   binit
0000216d   calcLight
00001b91   calcProx
000010ad   calcTemp
00001981   configureADC
00001f41   copy_in
00002145   delayFiveMicroseconds
00001f91   exit
00002085   feraiseexcept
20000308   g_light_index
00000000   g_pfnVectors
20000294   g_prox_data
2000030c   g_prox_index
200001cc   g_temp_data
20000310   g_temp_index
20000314   g_ui32InterruptFlags
20000318   g_ui32PrintFlags
2000031c   g_ui32PulseLengthTicks
20000320   g_ui32SysClock
000021c7   log
00000901   main
200001c8   main_func_sp
00001851   memcpy
00002117   raise
0000200d   signal
0000120d   sqrt


GLOBAL SYMBOLS: SORTED BY Symbol Address 

address    name
--------   ----
00000000   __TI_static_base__
00000000   g_pfnVectors
00000001   __TI_args_main
00000100   __STACK_SIZE
00000201   UARTSendData
00000615   _Log
00000901   main
00000b11   SysCtlClockFreqSet
00000d0d   UARTvprintf
00000ef7   __aeabi_dsub
00000f01   __aeabi_dadd
000010ad   calcTemp
0000120d   sqrt
00001355   __aeabi_ddiv
0000148d   _Dscale
0000159d   __aeabi_dmul
00001699   Timer2IntHandler
0000178d   _Dnorm
00001851   __aeabi_memcpy
00001851   __aeabi_memcpy4
00001851   __aeabi_memcpy8
00001851   memcpy
000018ed   __TI_auto_init
00001981   configureADC
00001a0d   __aeabi_cdcmpeq
00001a0d   __aeabi_cdcmple
00001a95   Timer1IntHandler
00001b15   Timer0IntHandler
00001b91   calcProx
00001c0d   _Dunscale
00001c71   UARTStdioConfig
00001d31   ConfigureUART
00001d8d   ConfigureDistancePulseTimer
00001dd9   __aeabi_d2f
00001e25   UARTwrite
00001eb5   _c_int00
00001efd   Timer3IntHandler
00001f41   copy_in
00001f85   C$$EXIT
00001f89   abort
00001f91   exit
00001fc9   __aeabi_uidivmod
0000200d   signal
0000204d   __aeabi_f2d
00002085   feraiseexcept
000020b9   _Feraise
000020e9   __aeabi_i2d
00002117   raise
00002145   delayFiveMicroseconds
0000216d   calcLight
000021ad   UARTprintf
000021c7   log
000021e1   _args_main
000021f9   _register_unlock
000021ff   _register_lock
00002207   _nop
0000220d   __TI_zero_init
0000221f   __TI_decompress_none
0000222d   ResetISR
00002233   __TI_decompress_rle24
000024d8   __TI_Handler_Table_Base
000024e4   __TI_Handler_Table_Limit
000024f0   __TI_CINIT_Base
00002500   __TI_CINIT_Limit
200000b0   _Denorm
200000c0   _Eps
200000d0   _Hugeval
200000e0   _Inf
200000f0   _Nan
20000100   _Snan
20000110   _Rteps
20000120   _Xbig
20000128   _Zero
20000130   _FDenorm
20000140   _FEps
20000150   _FInf
20000160   _FNan
20000170   _FSnan
20000180   _FRteps
20000190   _FXbig
20000194   _FZero
20000198   DENOMINATOR
2000019c   B
200001a0   VIN
200001a4   _lock
200001a8   _unlock
200001ac   __TI_cleanup_ptr
200001b0   __TI_dtors_ptr
200001b4   _Fenv
200001b8   _Tls_setup__Fenv
200001c4   _Errno
200001c8   main_func_sp
200001cc   g_temp_data
20000294   g_prox_data
200002e4   RTC_Days
200002e8   RTC_Hours
200002ec   RTC_Minutes
200002f0   RTC_Seconds
200002f4   TimerACount
200002f8   TimerBCount
200002fc   TimerCCount
20000300   TimerDCount
20000304   adc_value
20000308   g_light_index
2000030c   g_prox_index
20000310   g_temp_index
20000314   g_ui32InterruptFlags
20000318   g_ui32PrintFlags
2000031c   g_ui32PulseLengthTicks
20000320   g_ui32SysClock
20000324   __stack
20000424   __STACK_END
20000424   __STACK_TOP
ffffffff   __binit__
ffffffff   __c_args__
ffffffff   binit
UNDEFED    SHT$$INIT_ARRAY$$Base
UNDEFED    SHT$$INIT_ARRAY$$Limit

[118 symbols]
