******************************************************************************
                  TI ARM Linker PC v5.0.4                      
******************************************************************************
>> Linked Tue Oct 14 11:10:59 2014

OUTPUT FILE NAME:   <uart_echo.out>
ENTRY POINT SYMBOL: "_c_int00"  address: 0000074d


MEMORY CONFIGURATION

         name            origin    length      used     unused   attr    fill
----------------------  --------  ---------  --------  --------  ----  --------
  FLASH                 00000000   00100000  00000b4c  000ff4b4  R  X
  SRAM                  20000000   00040000  00000118  0003fee8  RW X


SEGMENT ALLOCATION MAP

run origin  load origin   length   init length attrs members
----------  ----------- ---------- ----------- ----- -------
00000000    00000000    00000b50   00000b50    r-x
  00000000    00000000    00000200   00000200    r-- .intvecs
  00000200    00000200    000006c0   000006c0    r-x .text
  000008c0    000008c0    00000254   00000254    r-- .const
  00000b18    00000b18    00000038   00000038    r-- .cinit
20000000    20000000    00000100   00000000    rw-
  20000000    20000000    00000100   00000000    rw- .stack
20000100    20000100    00000018   00000014    rw-
  20000100    20000100    00000014   00000014    rw- .data
  20000114    20000114    00000004   00000000    rw- .bss


SECTION ALLOCATION MAP

 output                                  attributes/
section   page    origin      length       input sections
--------  ----  ----------  ----------   ----------------
.intvecs   0    00000000    00000200     
                  00000000    00000200     startup_ccs.obj (.intvecs)

.init_array 
*          0    00000000    00000000     UNINITIALIZED

.text      0    00000200    000006c0     
                  00000200    000001fc     driverlib.lib : sysctl.obj (.text:SysCtlClockFreqSet)
                  000003fc    000000b8     uart_echo.obj (.text:main)
                  000004b4    0000009c     rtsv7M4_T_le_v4SPD16_eabi.lib : memcpy_t2.obj (.text)
                  00000550    00000094                                   : auto_init.obj (.text)
                  000005e4    00000078     uart_echo.obj (.text:UARTIntHandler)
                  0000065c    0000005e     rtsv7M4_T_le_v4SPD16_eabi.lib : copy_decompress_rle.obj (.text)
                  000006ba    00000002     startup_ccs.obj (.text:FaultISR)
                  000006bc    00000048     driverlib.lib : gpio.obj (.text:GPIOPinConfigure)
                  00000704    00000048                   : sysctl.obj (.text:_SysCtlFrequencyGet)
                  0000074c    00000048     rtsv7M4_T_le_v4SPD16_eabi.lib : boot.obj (.text)
                  00000794    00000044                                   : cpy_tbl.obj (.text)
                  000007d8    00000040                                   : exit.obj (.text)
                  00000818    00000024     uart_echo.obj (.text:UARTSend)
                  0000083c    0000001c     driverlib.lib : sysctl.obj (.text:_SysCtlMemTimingGet)
                  00000858    00000018     rtsv7M4_T_le_v4SPD16_eabi.lib : args_main.obj (.text)
                  00000870    00000014                                   : _lock.obj (.text)
                  00000884    00000012                                   : copy_zero_init.obj (.text:decompress:ZI)
                  00000896    0000000e                                   : copy_decompress_none.obj (.text:decompress:none)
                  000008a4    00000006     driverlib.lib : gpio.obj (.text:GPIOPinWrite)
                  000008aa    00000006     startup_ccs.obj (.text:ResetISR)
                  000008b0    00000006     driverlib.lib : sysctl.obj (.text:SysCtlDelay)
                  000008b6    00000006     rtsv7M4_T_le_v4SPD16_eabi.lib : copy_decompress_rle.obj (.text:decompress:rle24)
                  000008bc    00000002     startup_ccs.obj (.text:IntDefaultHandler)
                  000008be    00000002     startup_ccs.obj (.text:NmiSR)

.const     0    000008c0    00000254     
                  000008c0    00000120     driverlib.lib : sysctl.obj (.const:g_pppui32XTALtoVCO)
                  000009e0    00000090                   : gpio.obj (.const:g_pui32GPIOBaseAddrs)
                  00000a70    0000006c                   : sysctl.obj (.const:g_pui32Xtals)
                  00000adc    00000030                   : sysctl.obj (.const:g_sXTALtoMEMTIM)
                  00000b0c    00000008                   : sysctl.obj (.const)

.cinit     0    00000b18    00000038     
                  00000b18    0000000f     (.cinit..data.load) [load image, compression = rle]
                  00000b27    00000001     --HOLE-- [fill = 0]
                  00000b28    0000000c     (__TI_handler_table)
                  00000b34    00000004     --HOLE-- [fill = 0]
                  00000b38    00000008     (.cinit..bss.load) [load image, compression = zero_init]
                  00000b40    00000010     (__TI_cinit_table)

.stack     0    20000000    00000100     UNINITIALIZED
                  20000000    00000100     --HOLE--

.data      0    20000100    00000014     
                  20000100    00000008     rtsv7M4_T_le_v4SPD16_eabi.lib : _lock.obj (.data)
                  20000108    00000008                                   : exit.obj (.data)
                  20000110    00000004                                   : stkdepth_vars.obj (.data)

.bss       0    20000114    00000004     UNINITIALIZED
                  20000114    00000004     uart_echo.obj (.bss)


LINKER GENERATED COPY TABLES

__TI_cinit_table @ 00000b40 records: 2, size/record: 8, table size: 16
	.data: load addr=00000b18, load size=0000000f bytes, run addr=20000100, run size=00000014 bytes, compression=rle
	.bss: load addr=00000b38, load size=00000008 bytes, run addr=20000114, run size=00000004 bytes, compression=zero_init


LINKER GENERATED HANDLER TABLE

__TI_handler_table @ 00000b28 records: 3, size/record: 4, table size: 12
	index: 0, handler: __TI_decompress_rle24
	index: 1, handler: __TI_decompress_none
	index: 2, handler: __TI_zero_init


GLOBAL SYMBOLS: SORTED ALPHABETICALLY BY Name 

address    name
--------   ----
000007d9   C$$EXIT
000006bd   GPIOPinConfigure
000008a5   GPIOPinWrite
000008ab   ResetISR
UNDEFED    SHT$$INIT_ARRAY$$Base
UNDEFED    SHT$$INIT_ARRAY$$Limit
00000201   SysCtlClockFreqSet
000008b1   SysCtlDelay
000005e5   UARTIntHandler
00000819   UARTSend
20000100   __STACK_END
00000100   __STACK_SIZE
20000100   __STACK_TOP
00000b40   __TI_CINIT_Base
00000b50   __TI_CINIT_Limit
00000b28   __TI_Handler_Table_Base
00000b34   __TI_Handler_Table_Limit
00000001   __TI_args_main
00000551   __TI_auto_init
00000897   __TI_decompress_none
000008b7   __TI_decompress_rle24
00000000   __TI_static_base__
00000885   __TI_zero_init
000004b5   __aeabi_memcpy
000004b5   __aeabi_memcpy4
000004b5   __aeabi_memcpy8
ffffffff   __binit__
ffffffff   __c_args__
20000000   __stack
00000859   _args_main
0000074d   _c_int00
20000108   _cleanup_ptr
2000010c   _dtors_ptr
20000100   _lock
0000087f   _nop
00000877   _register_lock
00000871   _register_unlock
20000104   _unlock
000007dd   abort
ffffffff   binit
00000795   copy_in
000007e5   exit
00000000   g_pfnVectors
20000114   g_ui32SysClock
000003fd   main
20000110   main_func_sp
000004b5   memcpy


GLOBAL SYMBOLS: SORTED BY Symbol Address 

address    name
--------   ----
00000000   __TI_static_base__
00000000   g_pfnVectors
00000001   __TI_args_main
00000100   __STACK_SIZE
00000201   SysCtlClockFreqSet
000003fd   main
000004b5   __aeabi_memcpy
000004b5   __aeabi_memcpy4
000004b5   __aeabi_memcpy8
000004b5   memcpy
00000551   __TI_auto_init
000005e5   UARTIntHandler
000006bd   GPIOPinConfigure
0000074d   _c_int00
00000795   copy_in
000007d9   C$$EXIT
000007dd   abort
000007e5   exit
00000819   UARTSend
00000859   _args_main
00000871   _register_unlock
00000877   _register_lock
0000087f   _nop
00000885   __TI_zero_init
00000897   __TI_decompress_none
000008a5   GPIOPinWrite
000008ab   ResetISR
000008b1   SysCtlDelay
000008b7   __TI_decompress_rle24
00000b28   __TI_Handler_Table_Base
00000b34   __TI_Handler_Table_Limit
00000b40   __TI_CINIT_Base
00000b50   __TI_CINIT_Limit
20000000   __stack
20000100   __STACK_END
20000100   __STACK_TOP
20000100   _lock
20000104   _unlock
20000108   _cleanup_ptr
2000010c   _dtors_ptr
20000110   main_func_sp
20000114   g_ui32SysClock
ffffffff   __binit__
ffffffff   __c_args__
ffffffff   binit
UNDEFED    SHT$$INIT_ARRAY$$Base
UNDEFED    SHT$$INIT_ARRAY$$Limit

[47 symbols]
